Archive member included to satisfy reference by file (symbol)

/usr/lib/gcc/arm-none-eabi/10.3.1/../../../arm-none-eabi/lib/thumb/v7e-m/nofp/libg.a(lib_a-atexit.o)
                              /usr/lib/gcc/arm-none-eabi/10.3.1/../../../arm-none-eabi/lib/thumb/v7e-m/nofp/crt0.o (atexit)
/usr/lib/gcc/arm-none-eabi/10.3.1/../../../arm-none-eabi/lib/thumb/v7e-m/nofp/libg.a(lib_a-errno.o)
                              CMakeFiles/1in69t.elf.dir/Core/Src/syscalls.c.obj (__errno)
/usr/lib/gcc/arm-none-eabi/10.3.1/../../../arm-none-eabi/lib/thumb/v7e-m/nofp/libg.a(lib_a-exit.o)
                              /usr/lib/gcc/arm-none-eabi/10.3.1/../../../arm-none-eabi/lib/thumb/v7e-m/nofp/crt0.o (exit)
/usr/lib/gcc/arm-none-eabi/10.3.1/../../../arm-none-eabi/lib/thumb/v7e-m/nofp/libg.a(lib_a-fini.o)
                              /usr/lib/gcc/arm-none-eabi/10.3.1/../../../arm-none-eabi/lib/thumb/v7e-m/nofp/crt0.o (__libc_fini_array)
/usr/lib/gcc/arm-none-eabi/10.3.1/../../../arm-none-eabi/lib/thumb/v7e-m/nofp/libg.a(lib_a-impure.o)
                              /usr/lib/gcc/arm-none-eabi/10.3.1/../../../arm-none-eabi/lib/thumb/v7e-m/nofp/libg.a(lib_a-exit.o) (_global_impure_ptr)
/usr/lib/gcc/arm-none-eabi/10.3.1/../../../arm-none-eabi/lib/thumb/v7e-m/nofp/libg.a(lib_a-init.o)
                              /usr/lib/gcc/arm-none-eabi/10.3.1/../../../arm-none-eabi/lib/thumb/v7e-m/nofp/crt0.o (__libc_init_array)
/usr/lib/gcc/arm-none-eabi/10.3.1/../../../arm-none-eabi/lib/thumb/v7e-m/nofp/libg.a(lib_a-memset.o)
                              /usr/lib/gcc/arm-none-eabi/10.3.1/../../../arm-none-eabi/lib/thumb/v7e-m/nofp/crt0.o (memset)
/usr/lib/gcc/arm-none-eabi/10.3.1/../../../arm-none-eabi/lib/thumb/v7e-m/nofp/libg.a(lib_a-puts.o)
                              CMakeFiles/1in69t.elf.dir/User/src/1in69_test.c.obj (puts)
/usr/lib/gcc/arm-none-eabi/10.3.1/../../../arm-none-eabi/lib/thumb/v7e-m/nofp/libg.a(lib_a-strlen.o)
                              /usr/lib/gcc/arm-none-eabi/10.3.1/../../../arm-none-eabi/lib/thumb/v7e-m/nofp/libg.a(lib_a-puts.o) (strlen)
/usr/lib/gcc/arm-none-eabi/10.3.1/../../../arm-none-eabi/lib/thumb/v7e-m/nofp/libg.a(lib_a-__atexit.o)
                              /usr/lib/gcc/arm-none-eabi/10.3.1/../../../arm-none-eabi/lib/thumb/v7e-m/nofp/libg.a(lib_a-atexit.o) (__register_exitproc)
/usr/lib/gcc/arm-none-eabi/10.3.1/../../../arm-none-eabi/lib/thumb/v7e-m/nofp/libg.a(lib_a-__call_atexit.o)
                              /usr/lib/gcc/arm-none-eabi/10.3.1/../../../arm-none-eabi/lib/thumb/v7e-m/nofp/libg.a(lib_a-exit.o) (__call_exitprocs)
/usr/lib/gcc/arm-none-eabi/10.3.1/../../../arm-none-eabi/lib/thumb/v7e-m/nofp/libg.a(lib_a-findfp.o)
                              /usr/lib/gcc/arm-none-eabi/10.3.1/../../../arm-none-eabi/lib/thumb/v7e-m/nofp/libg.a(lib_a-puts.o) (__sinit)
/usr/lib/gcc/arm-none-eabi/10.3.1/../../../arm-none-eabi/lib/thumb/v7e-m/nofp/libg.a(lib_a-fvwrite.o)
                              /usr/lib/gcc/arm-none-eabi/10.3.1/../../../arm-none-eabi/lib/thumb/v7e-m/nofp/libg.a(lib_a-puts.o) (__sfvwrite_r)
/usr/lib/gcc/arm-none-eabi/10.3.1/../../../arm-none-eabi/lib/thumb/v7e-m/nofp/libg.a(lib_a-fwalk.o)
                              /usr/lib/gcc/arm-none-eabi/10.3.1/../../../arm-none-eabi/lib/thumb/v7e-m/nofp/libg.a(lib_a-findfp.o) (_fwalk)
/usr/lib/gcc/arm-none-eabi/10.3.1/../../../arm-none-eabi/lib/thumb/v7e-m/nofp/libg.a(lib_a-mallocr.o)
                              /usr/lib/gcc/arm-none-eabi/10.3.1/../../../arm-none-eabi/lib/thumb/v7e-m/nofp/libg.a(lib_a-findfp.o) (_malloc_r)
/usr/lib/gcc/arm-none-eabi/10.3.1/../../../arm-none-eabi/lib/thumb/v7e-m/nofp/libg.a(lib_a-memchr.o)
                              /usr/lib/gcc/arm-none-eabi/10.3.1/../../../arm-none-eabi/lib/thumb/v7e-m/nofp/libg.a(lib_a-fvwrite.o) (memchr)
/usr/lib/gcc/arm-none-eabi/10.3.1/../../../arm-none-eabi/lib/thumb/v7e-m/nofp/libg.a(lib_a-memcpy.o)
                              /usr/lib/gcc/arm-none-eabi/10.3.1/../../../arm-none-eabi/lib/thumb/v7e-m/nofp/libg.a(lib_a-fvwrite.o) (memcpy)
/usr/lib/gcc/arm-none-eabi/10.3.1/../../../arm-none-eabi/lib/thumb/v7e-m/nofp/libg.a(lib_a-memmove.o)
                              /usr/lib/gcc/arm-none-eabi/10.3.1/../../../arm-none-eabi/lib/thumb/v7e-m/nofp/libg.a(lib_a-fvwrite.o) (memmove)
/usr/lib/gcc/arm-none-eabi/10.3.1/../../../arm-none-eabi/lib/thumb/v7e-m/nofp/libg.a(lib_a-mlock.o)
                              /usr/lib/gcc/arm-none-eabi/10.3.1/../../../arm-none-eabi/lib/thumb/v7e-m/nofp/libg.a(lib_a-mallocr.o) (__malloc_lock)
/usr/lib/gcc/arm-none-eabi/10.3.1/../../../arm-none-eabi/lib/thumb/v7e-m/nofp/libg.a(lib_a-reallocr.o)
                              /usr/lib/gcc/arm-none-eabi/10.3.1/../../../arm-none-eabi/lib/thumb/v7e-m/nofp/libg.a(lib_a-fvwrite.o) (_realloc_r)
/usr/lib/gcc/arm-none-eabi/10.3.1/../../../arm-none-eabi/lib/thumb/v7e-m/nofp/libg.a(lib_a-sbrkr.o)
[...]
Memory Configuration

Name             Origin             Length             Attributes
RAM              0x0000000020000000 0x0000000000008000 xrw
FLASH            0x0000000008000000 0x0000000000020000 xr
*default*        0x0000000000000000 0xffffffffffffffff

Linker script and memory map

LOAD /usr/lib/gcc/arm-none-eabi/10.3.1/thumb/v7e-m/nofp/crti.o
LOAD /usr/lib/gcc/arm-none-eabi/10.3.1/thumb/v7e-m/nofp/crtbegin.o
LOAD /usr/lib/gcc/arm-none-eabi/10.3.1/../../../arm-none-eabi/lib/thumb/v7e-m/nofp/crt0.o
LOAD CMakeFiles/1in69t.elf.dir/Core/Src/gpio.c.obj
LOAD CMakeFiles/1in69t.elf.dir/Core/Src/i2c.c.obj
LOAD CMakeFiles/1in69t.elf.dir/Core/Src/main.c.obj
LOAD CMakeFiles/1in69t.elf.dir/Core/Src/spi.c.obj
LOAD CMakeFiles/1in69t.elf.dir/Core/Src/stm32g4xx_hal_msp.c.obj
LOAD CMakeFiles/1in69t.elf.dir/Core/Src/stm32g4xx_it.c.obj
LOAD CMakeFiles/1in69t.elf.dir/Core/Src/syscalls.c.obj
LOAD CMakeFiles/1in69t.elf.dir/Core/Src/sysmem.c.obj
LOAD CMakeFiles/1in69t.elf.dir/Core/Src/system_stm32g4xx.c.obj
LOAD CMakeFiles/1in69t.elf.dir/Core/Src/tim.c.obj
LOAD CMakeFiles/1in69t.elf.dir/Core/Startup/startup_stm32g431cbtx.s.obj
LOAD CMakeFiles/1in69t.elf.dir/Drivers/STM32G4xx_HAL_Driver/Src/stm32g4xx_hal.c.obj
LOAD CMakeFiles/1in69t.elf.dir/Drivers/STM32G4xx_HAL_Driver/Src/stm32g4xx_hal_cortex.c.obj
LOAD CMakeFiles/1in69t.elf.dir/Drivers/STM32G4xx_HAL_Driver/Src/stm32g4xx_hal_dma.c.obj
LOAD CMakeFiles/1in69t.elf.dir/Drivers/STM32G4xx_HAL_Driver/Src/stm32g4xx_hal_dma_ex.c.obj
LOAD CMakeFiles/1in69t.elf.dir/Drivers/STM32G4xx_HAL_Driver/Src/stm32g4xx_hal_exti.c.obj
LOAD CMakeFiles/1in69t.elf.dir/Drivers/STM32G4xx_HAL_Driver/Src/stm32g4xx_hal_flash.c.obj
LOAD CMakeFiles/1in69t.elf.dir/Drivers/STM32G4xx_HAL_Driver/Src/stm32g4xx_hal_flash_ex.c.obj
LOAD CMakeFiles/1in69t.elf.dir/Drivers/STM32G4xx_HAL_Driver/Src/stm32g4xx_hal_flash_ramfunc.c.obj
LOAD CMakeFiles/1in69t.elf.dir/Drivers/STM32G4xx_HAL_Driver/Src/stm32g4xx_hal_gpio.c.obj
LOAD CMakeFiles/1in69t.elf.dir/Drivers/STM32G4xx_HAL_Driver/Src/stm32g4xx_hal_i2c.c.obj
LOAD CMakeFiles/1in69t.elf.dir/Drivers/STM32G4xx_HAL_Driver/Src/stm32g4xx_hal_i2c_ex.c.obj
LOAD CMakeFiles/1in69t.elf.dir/Drivers/STM32G4xx_HAL_Driver/Src/stm32g4xx_hal_pcd.c.obj
LOAD CMakeFiles/1in69t.elf.dir/Drivers/STM32G4xx_HAL_Driver/Src/stm32g4xx_hal_pcd_ex.c.obj
LOAD CMakeFiles/1in69t.elf.dir/Drivers/STM32G4xx_HAL_Driver/Src/stm32g4xx_hal_pwr.c.obj
LOAD CMakeFiles/1in69t.elf.dir/Drivers/STM32G4xx_HAL_Driver/Src/stm32g4xx_hal_pwr_ex.c.obj
LOAD CMakeFiles/1in69t.elf.dir/Drivers/STM32G4xx_HAL_Driver/Src/stm32g4xx_hal_rcc.c.obj
LOAD CMakeFiles/1in69t.elf.dir/Drivers/STM32G4xx_HAL_Driver/Src/stm32g4xx_hal_rcc_ex.c.obj
LOAD CMakeFiles/1in69t.elf.dir/Drivers/STM32G4xx_HAL_Driver/Src/stm32g4xx_hal_spi.c.obj
LOAD CMakeFiles/1in69t.elf.dir/Drivers/STM32G4xx_HAL_Driver/Src/stm32g4xx_hal_spi_ex.c.obj
LOAD CMakeFiles/1in69t.elf.dir/Drivers/STM32G4xx_HAL_Driver/Src/stm32g4xx_hal_tim.c.obj
LOAD CMakeFiles/1in69t.elf.dir/Drivers/STM32G4xx_HAL_Driver/Src/stm32g4xx_hal_tim_ex.c.obj
LOAD CMakeFiles/1in69t.elf.dir/Drivers/STM32G4xx_HAL_Driver/Src/stm32g4xx_ll_usb.c.obj
LOAD CMakeFiles/1in69t.elf.dir/Middlewares/ST/STM32_USB_Device_Library/Class/CDC/Src/usbd_cdc.c.obj
LOAD CMakeFiles/1in69t.elf.dir/Middlewares/ST/STM32_USB_Device_Library/Core/Src/usbd_core.c.obj
LOAD CMakeFiles/1in69t.elf.dir/Middlewares/ST/STM32_USB_Device_Library/Core/Src/usbd_ctlreq.c.obj
LOAD CMakeFiles/1in69t.elf.dir/Middlewares/ST/STM32_USB_Device_Library/Core/Src/usbd_ioreq.c.obj
LOAD CMakeFiles/1in69t.elf.dir/USB_Device/App/usb_device.c.obj
LOAD CMakeFiles/1in69t.elf.dir/USB_Device/App/usbd_cdc_if.c.obj
LOAD CMakeFiles/1in69t.elf.dir/USB_Device/App/usbd_desc.c.obj
LOAD CMakeFiles/1in69t.elf.dir/USB_Device/Target/usbd_conf.c.obj
LOAD CMakeFiles/1in69t.elf.dir/User/src/1in69_test.c.obj
LOAD CMakeFiles/1in69t.elf.dir/User/src/Config.c.obj
LOAD CMakeFiles/1in69t.elf.dir/User/src/lcd_1in69.c.obj
LOAD CMakeFiles/1in69t.elf.dir/User/src/usb_vcom.c.obj
START GROUP
LOAD /usr/lib/gcc/arm-none-eabi/10.3.1/thumb/v7e-m/nofp/libgcc.a
LOAD /usr/lib/gcc/arm-none-eabi/10.3.1/../../../arm-none-eabi/lib/thumb/v7e-m/nofp/libg.a
LOAD /usr/lib/gcc/arm-none-eabi/10.3.1/../../../arm-none-eabi/lib/thumb/v7e-m/nofp/libc.a
END GROUP
LOAD /usr/lib/gcc/arm-none-eabi/10.3.1/thumb/v7e-m/nofp/crtend.o
LOAD /usr/lib/gcc/arm-none-eabi/10.3.1/thumb/v7e-m/nofp/crtn.o
                0x0000000020008000                _estack = (ORIGIN (RAM) + LENGTH (RAM))
                0x0000000000000200                _Min_Heap_Size = 0x200
                0x0000000000000400                _Min_Stack_Size = 0x400

.isr_vector     0x0000000008000000      0x1d8
                0x0000000008000000                . = ALIGN (0x4)
 *(.isr_vector)
 .isr_vector    0x0000000008000000      0x1d8 CMakeFiles/1in69t.elf.dir/Core/Startup/startup_stm32g431cbtx.s.obj
                0x0000000008000000                g_pfnVectors
                0x00000000080001d8                . = ALIGN (0x4)

.text           0x0000000008000200     0x7a48
                0x0000000008000200                . = ALIGN (0x4)
 *(.text)
 .text          0x0000000008000200       0x88 /usr/lib/gcc/arm-none-eabi/10.3.1/thumb/v7e-m/nofp/crtbegin.o
 .text          0x0000000008000288        0xc /usr/lib/gcc/arm-none-eabi/10.3.1/../../../arm-none-eabi/lib/thumb/v7e-m/nofp/libg.a(lib_a-atexit.o)
                0x0000000008000288                atexit
 .text          0x0000000008000294        0xc /usr/lib/gcc/arm-none-eabi/10.3.1/../../../arm-none-eabi/lib/thumb/v7e-m/nofp/libg.a(lib_a-errno.o)
                0x0000000008000294                __errno
 .text          0x00000000080002a0       0x2c /usr/lib/gcc/arm-none-eabi/10.3.1/../../../arm-none-eabi/lib/thumb/v7e-m/nofp/libg.a(lib_a-fini.o)
                0x00000000080002a0                __libc_fini_array
 .text          0x00000000080002cc       0x48 /usr/lib/gcc/arm-none-eabi/10.3.1/../../../arm-none-eabi/lib/thumb/v7e-m/nofp/libg.a(lib_a-init.o)
                0x00000000080002cc                __libc_init_array
 .text          0x0000000008000314       0xa4 /usr/lib/gcc/arm-none-eabi/10.3.1/../../../arm-none-eabi/lib/thumb/v7e-m/nofp/libg.a(lib_a-memset.o)
                0x0000000008000314                memset
 .text          0x00000000080003b8       0x78 /usr/lib/gcc/arm-none-eabi/10.3.1/../../../arm-none-eabi/lib/thumb/v7e-m/nofp/libg.a(lib_a-puts.o)
                0x00000000080003b8                _puts_r
                0x0000000008000420                puts
 *fill*         0x0000000008000430       0x10 
 .text          0x0000000008000440       0xdc /usr/lib/gcc/arm-none-eabi/10.3.1/../../../arm-none-eabi/lib/thumb/v7e-m/nofp/libg.a(lib_a-strlen.o)
                0x0000000008000440                strlen
 .text          0x000000000800051c       0x68 /usr/lib/gcc/arm-none-eabi/10.3.1/../../../arm-none-eabi/lib/thumb/v7e-m/nofp/libg.a(lib_a-__atexit.o)
                0x000000000800051c                __register_exitproc
 .text          0x0000000008000584      0x218 /usr/lib/gcc/arm-none-eabi/10.3.1/../../../arm-none-eabi/lib/thumb/v7e-m/nofp/libg.a(lib_a-findfp.o)
                0x0000000008000588                _cleanup_r
                0x0000000008000670                __sfmoreglue
                0x00000000080006a0                __sfp
                0x0000000008000748                _cleanup
                0x000000000800075c                __sinit
                0x0000000008000764                __sfp_lock_acquire
                0x0000000008000768                __sfp_lock_release
                0x000000000800076c                __sinit_lock_acquire
                0x0000000008000770                __sinit_lock_release
                0x0000000008000774                __fp_lock_all
                0x0000000008000788                __fp_unlock_all
 .text          0x000000000800079c      0x2e8 /usr/lib/gcc/arm-none-eabi/10.3.1/../../../arm-none-eabi/lib/thumb/v7e-m/nofp/libg.a(lib_a-fvwrite.o)
                0x000000000800079c                __sfvwrite_r
 .text          0x0000000008000a84       0x88 /usr/lib/gcc/arm-none-eabi/10.3.1/../../../arm-none-eabi/lib/thumb/v7e-m/nofp/libg.a(lib_a-fwalk.o)
                0x0000000008000a84                _fwalk
                0x0000000008000ac4                _fwalk_reent
 .text          0x0000000008000b0c      0x554 /usr/lib/gcc/arm-none-eabi/10.3.1/../../../arm-none-eabi/lib/thumb/v7e-m/nofp/libg.a(lib_a-mallocr.o)
                0x0000000008000b0c                _malloc_r
 .text          0x0000000008001060       0xa0 /usr/lib/gcc/arm-none-eabi/10.3.1/../../../arm-none-eabi/lib/thumb/v7e-m/nofp/libg.a(lib_a-memchr.o)
                0x0000000008001060                memchr
 .text          0x0000000008001100      0x134 /usr/lib/gcc/arm-none-eabi/10.3.1/../../../arm-none-eabi/lib/thumb/v7e-m/nofp/libg.a(lib_a-memcpy.o)
                0x0000000008001100                memcpy
 .text          0x0000000008001234       0xf8 /usr/lib/gcc/arm-none-eabi/10.3.1/../../../arm-none-eabi/lib/thumb/v7e-m/nofp/libg.a(lib_a-memmove.o)
                0x0000000008001234                memmove
 .text          0x000000000800132c        0x8 /usr/lib/gcc/arm-none-eabi/10.3.1/../../../arm-none-eabi/lib/thumb/v7e-m/nofp/libg.a(lib_a-mlock.o)
                0x000000000800132c                __malloc_lock
                0x0000000008001330                __malloc_unlock
 .text          0x0000000008001334      0x3d8 /usr/lib/gcc/arm-none-eabi/10.3.1/../../../arm-none-eabi/lib/thumb/v7e-m/nofp/libg.a(lib_a-reallocr.o)
                0x0000000008001334                _realloc_r
 .text          0x000000000800170c       0x24 /usr/lib/gcc/arm-none-eabi/10.3.1/../../../arm-none-eabi/lib/thumb/v7e-m/nofp/libg.a(lib_a-sbrkr.o)
                0x000000000800170c                _sbrk_r
 .text          0x0000000008001730       0x90 /usr/lib/gcc/arm-none-eabi/10.3.1/../../../arm-none-eabi/lib/thumb/v7e-m/nofp/libg.a(lib_a-stdio.o)
                0x0000000008001730                __sread
                0x0000000008001754                __seofread
                0x0000000008001758                __swrite
                0x0000000008001798                __sseek
                0x00000000080017b8                __sclose
 .text          0x00000000080017c0       0x2c /usr/lib/gcc/arm-none-eabi/10.3.1/../../../arm-none-eabi/lib/thumb/v7e-m/nofp/libg.a(lib_a-writer.o)
                0x00000000080017c0                _write_r
 .text          0x00000000080017ec       0xd4 /usr/lib/gcc/arm-none-eabi/10.3.1/../../../arm-none-eabi/lib/thumb/v7e-m/nofp/libg.a(lib_a-wsetup.o)
                0x00000000080017ec                __swsetup_r
 .text          0x00000000080018c0       0x24 /usr/lib/gcc/arm-none-eabi/10.3.1/../../../arm-none-eabi/lib/thumb/v7e-m/nofp/libg.a(lib_a-closer.o)
                0x00000000080018c0                _close_r
 .text          0x00000000080018e4       0xd4 /usr/lib/gcc/arm-none-eabi/10.3.1/../../../arm-none-eabi/lib/thumb/v7e-m/nofp/libg.a(lib_a-fclose.o)
                0x0000000008001948                _fclose_r
                0x000000000800197c                fclose
 .text          0x00000000080019b8      0x19c /usr/lib/gcc/arm-none-eabi/10.3.1/../../../arm-none-eabi/lib/thumb/v7e-m/nofp/libg.a(lib_a-fflush.o)
                0x00000000080019b8                __sflush_r
                0x0000000008001ad8                _fflush_r
                0x0000000008001b04                fflush
 .text          0x0000000008001b54      0x2ac /usr/lib/gcc/arm-none-eabi/10.3.1/../../../arm-none-eabi/lib/thumb/v7e-m/nofp/libg.a(lib_a-freer.o)
                0x0000000008001b54                _malloc_trim_r
                0x0000000008001bf4                _free_r
 .text          0x0000000008001e00       0x2c /usr/lib/gcc/arm-none-eabi/10.3.1/../../../arm-none-eabi/lib/thumb/v7e-m/nofp/libg.a(lib_a-lseekr.o)
                0x0000000008001e00                _lseek_r
 .text          0x0000000008001e2c      0x140 /usr/lib/gcc/arm-none-eabi/10.3.1/../../../arm-none-eabi/lib/thumb/v7e-m/nofp/libg.a(lib_a-makebuf.o)
                0x0000000008001e2c                __smakebuf_r
                0x0000000008001f0c                __swhatbuf_r
 .text          0x0000000008001f6c       0x2c /usr/lib/gcc/arm-none-eabi/10.3.1/../../../arm-none-eabi/lib/thumb/v7e-m/nofp/libg.a(lib_a-readr.o)
                0x0000000008001f6c                _read_r
 .text          0x0000000008001f98       0x2c /usr/lib/gcc/arm-none-eabi/10.3.1/../../../arm-none-eabi/lib/thumb/v7e-m/nofp/libg.a(lib_a-fstatr.o)
                0x0000000008001f98                _fstat_r
 .text          0x0000000008001fc4       0x24 /usr/lib/gcc/arm-none-eabi/10.3.1/../../../arm-none-eabi/lib/thumb/v7e-m/nofp/libg.a(lib_a-isattyr.o)
                0x0000000008001fc4                _isatty_r
 *(.text*)
 .text.MX_GPIO_Init
                0x0000000008001fe8       0x94 CMakeFiles/1in69t.elf.dir/Core/Src/gpio.c.obj
                0x0000000008001fe8                MX_GPIO_Init
 .text.MX_I2C1_Init
                0x000000000800207c       0x58 CMakeFiles/1in69t.elf.dir/Core/Src/i2c.c.obj
                0x000000000800207c                MX_I2C1_Init
 .text.HAL_I2C_MspInit
                0x00000000080020d4       0xb4 CMakeFiles/1in69t.elf.dir/Core/Src/i2c.c.obj
                0x00000000080020d4                HAL_I2C_MspInit
 .text.Error_Handler
                0x0000000008002188        0x4 CMakeFiles/1in69t.elf.dir/Core/Src/main.c.obj
                0x0000000008002188                Error_Handler
 .text.SystemClock_Config
                0x000000000800218c       0x70 CMakeFiles/1in69t.elf.dir/Core/Src/main.c.obj
                0x000000000800218c                SystemClock_Config
 .text.main     0x00000000080021fc       0x50 CMakeFiles/1in69t.elf.dir/Core/Src/main.c.obj
                0x00000000080021fc                main
 .text.MX_SPI1_Init
                0x000000000800224c       0x50 CMakeFiles/1in69t.elf.dir/Core/Src/spi.c.obj
                0x000000000800224c                MX_SPI1_Init
 .text.HAL_SPI_MspInit
                0x000000000800229c       0x64 CMakeFiles/1in69t.elf.dir/Core/Src/spi.c.obj
                0x000000000800229c                HAL_SPI_MspInit
 .text.HAL_MspInit
                0x0000000008002300       0x38 CMakeFiles/1in69t.elf.dir/Core/Src/stm32g4xx_hal_msp.c.obj
                0x0000000008002300                HAL_MspInit
 .text.NMI_Handler
                0x0000000008002338        0x2 CMakeFiles/1in69t.elf.dir/Core/Src/stm32g4xx_it.c.obj
                0x0000000008002338                NMI_Handler
 .text.HardFault_Handler
                0x000000000800233a        0x2 CMakeFiles/1in69t.elf.dir/Core/Src/stm32g4xx_it.c.obj
                0x000000000800233a                HardFault_Handler
 .text.MemManage_Handler
                0x000000000800233c        0x2 CMakeFiles/1in69t.elf.dir/Core/Src/stm32g4xx_it.c.obj
                0x000000000800233c                MemManage_Handler
 .text.BusFault_Handler
                0x000000000800233e        0x2 CMakeFiles/1in69t.elf.dir/Core/Src/stm32g4xx_it.c.obj
                0x000000000800233e                BusFault_Handler
 .text.UsageFault_Handler
                0x0000000008002340        0x2 CMakeFiles/1in69t.elf.dir/Core/Src/stm32g4xx_it.c.obj
                0x0000000008002340                UsageFault_Handler
 .text.SVC_Handler
                0x0000000008002342        0x2 CMakeFiles/1in69t.elf.dir/Core/Src/stm32g4xx_it.c.obj
                0x0000000008002342                SVC_Handler
 .text.DebugMon_Handler
                0x0000000008002344        0x2 CMakeFiles/1in69t.elf.dir/Core/Src/stm32g4xx_it.c.obj
                0x0000000008002344                DebugMon_Handler
 .text.PendSV_Handler
                0x0000000008002346        0x2 CMakeFiles/1in69t.elf.dir/Core/Src/stm32g4xx_it.c.obj
                0x0000000008002346                PendSV_Handler
 .text.SysTick_Handler
                0x0000000008002348        0x8 CMakeFiles/1in69t.elf.dir/Core/Src/stm32g4xx_it.c.obj
                0x0000000008002348                SysTick_Handler
 .text.USB_LP_IRQHandler
                0x0000000008002350       0x10 CMakeFiles/1in69t.elf.dir/Core/Src/stm32g4xx_it.c.obj
                0x0000000008002350                USB_LP_IRQHandler
 .text._read    0x0000000008002360       0x20 CMakeFiles/1in69t.elf.dir/Core/Src/syscalls.c.obj
                0x0000000008002360                _read
 .text._close   0x0000000008002380        0x6 CMakeFiles/1in69t.elf.dir/Core/Src/syscalls.c.obj
                0x0000000008002380                _close
 .text._fstat   0x0000000008002386        0xa CMakeFiles/1in69t.elf.dir/Core/Src/syscalls.c.obj
                0x0000000008002386                _fstat
 .text._isatty  0x0000000008002390        0x4 CMakeFiles/1in69t.elf.dir/Core/Src/syscalls.c.obj
                0x0000000008002390                _isatty
 .text._lseek   0x0000000008002394        0x4 CMakeFiles/1in69t.elf.dir/Core/Src/syscalls.c.obj
                0x0000000008002394                _lseek
 .text._sbrk    0x0000000008002398       0x48 CMakeFiles/1in69t.elf.dir/Core/Src/sysmem.c.obj
                0x0000000008002398                _sbrk
 .text.SystemInit
                0x00000000080023e0        0x2 CMakeFiles/1in69t.elf.dir/Core/Src/system_stm32g4xx.c.obj
                0x00000000080023e0                SystemInit
 *fill*         0x00000000080023e2        0x2 
 .text.HAL_TIM_Base_MspInit
                0x00000000080023e4       0x2c CMakeFiles/1in69t.elf.dir/Core/Src/tim.c.obj
                0x00000000080023e4                HAL_TIM_Base_MspInit
 .text.HAL_TIM_MspPostInit
                0x0000000008002410       0x54 CMakeFiles/1in69t.elf.dir/Core/Src/tim.c.obj
                0x0000000008002410                HAL_TIM_MspPostInit
 .text.MX_TIM1_Init
                0x0000000008002464       0xfc CMakeFiles/1in69t.elf.dir/Core/Src/tim.c.obj
                0x0000000008002464                MX_TIM1_Init
 .text.Reset_Handler
                0x0000000008002560       0x50 CMakeFiles/1in69t.elf.dir/Core/Startup/startup_stm32g431cbtx.s.obj
                0x0000000008002560                Reset_Handler
 .text.Default_Handler
                0x00000000080025b0        0x2 CMakeFiles/1in69t.elf.dir/Core/Startup/startup_stm32g431cbtx.s.obj
                0x00000000080025b0                RTC_Alarm_IRQHandler
                0x00000000080025b0                EXTI2_IRQHandler
                0x00000000080025b0                TIM8_TRG_COM_IRQHandler
                0x00000000080025b0                TIM8_CC_IRQHandler
                0x00000000080025b0                TIM1_CC_IRQHandler
                0x00000000080025b0                USB_HP_IRQHandler
                0x00000000080025b0                CORDIC_IRQHandler
                0x00000000080025b0                EXTI3_IRQHandler
                0x00000000080025b0                I2C3_ER_IRQHandler
                0x00000000080025b0                EXTI0_IRQHandler
                0x00000000080025b0                I2C2_EV_IRQHandler
                0x00000000080025b0                FPU_IRQHandler
                0x00000000080025b0                FDCAN1_IT1_IRQHandler
                0x00000000080025b0                TIM1_UP_TIM16_IRQHandler
                0x00000000080025b0                ADC1_2_IRQHandler
                0x00000000080025b0                SPI1_IRQHandler
                0x00000000080025b0                TIM6_DAC_IRQHandler
                0x00000000080025b0                TIM8_UP_IRQHandler
                0x00000000080025b0                DMA2_Channel2_IRQHandler
                0x00000000080025b0                DMA1_Channel4_IRQHandler
                0x00000000080025b0                USART3_IRQHandler
                0x00000000080025b0                TIM4_IRQHandler
                0x00000000080025b0                DMA2_Channel1_IRQHandler
                0x00000000080025b0                I2C1_EV_IRQHandler
                0x00000000080025b0                DMA1_Channel6_IRQHandler
                0x00000000080025b0                UART4_IRQHandler
                0x00000000080025b0                DMA2_Channel4_IRQHandler
                0x00000000080025b0                TIM3_IRQHandler
                0x00000000080025b0                RCC_IRQHandler
                0x00000000080025b0                DMA1_Channel1_IRQHandler
                0x00000000080025b0                Default_Handler
                0x00000000080025b0                RTC_TAMP_LSECSS_IRQHandler
                0x00000000080025b0                FMAC_IRQHandler
                0x00000000080025b0                EXTI15_10_IRQHandler
                0x00000000080025b0                TIM7_IRQHandler
                0x00000000080025b0                UCPD1_IRQHandler
                0x00000000080025b0                I2C3_EV_IRQHandler
                0x00000000080025b0                EXTI9_5_IRQHandler
                0x00000000080025b0                RTC_WKUP_IRQHandler
                0x00000000080025b0                PVD_PVM_IRQHandler
                0x00000000080025b0                SPI2_IRQHandler
                0x00000000080025b0                DMA2_Channel5_IRQHandler
                0x00000000080025b0                CRS_IRQHandler
                0x00000000080025b0                DMA1_Channel5_IRQHandler
                0x00000000080025b0                EXTI4_IRQHandler
                0x00000000080025b0                RNG_IRQHandler
                0x00000000080025b0                TIM1_TRG_COM_TIM17_IRQHandler
                0x00000000080025b0                DMA1_Channel3_IRQHandler
                0x00000000080025b0                WWDG_IRQHandler
                0x00000000080025b0                LPUART1_IRQHandler
                0x00000000080025b0                DMA2_Channel6_IRQHandler
                0x00000000080025b0                FDCAN1_IT0_IRQHandler
                0x00000000080025b0                TIM2_IRQHandler
                0x00000000080025b0                COMP1_2_3_IRQHandler
                0x00000000080025b0                EXTI1_IRQHandler
                0x00000000080025b0                USART2_IRQHandler
                0x00000000080025b0                I2C2_ER_IRQHandler
                0x00000000080025b0                DMA1_Channel2_IRQHandler
                0x00000000080025b0                TIM8_BRK_IRQHandler
                0x00000000080025b0                FLASH_IRQHandler
                0x00000000080025b0                USART1_IRQHandler
                0x00000000080025b0                SPI3_IRQHandler
                0x00000000080025b0                I2C1_ER_IRQHandler
                0x00000000080025b0                LPTIM1_IRQHandler
                0x00000000080025b0                DMAMUX_OVR_IRQHandler
                0x00000000080025b0                USBWakeUp_IRQHandler
                0x00000000080025b0                SAI1_IRQHandler
                0x00000000080025b0                DMA2_Channel3_IRQHandler
                0x00000000080025b0                COMP4_IRQHandler
                0x00000000080025b0                TIM1_BRK_TIM15_IRQHandler
 *fill*         0x00000000080025b2        0x2 
 .text.HAL_InitTick
                0x00000000080025b4       0x50 CMakeFiles/1in69t.elf.dir/Drivers/STM32G4xx_HAL_Driver/Src/stm32g4xx_hal.c.obj
                0x00000000080025b4                HAL_InitTick
 .text.HAL_Init
                0x0000000008002604       0x1e CMakeFiles/1in69t.elf.dir/Drivers/STM32G4xx_HAL_Driver/Src/stm32g4xx_hal.c.obj
                0x0000000008002604                HAL_Init
 *fill*         0x0000000008002622        0x2 
 .text.HAL_IncTick
                0x0000000008002624       0x18 CMakeFiles/1in69t.elf.dir/Drivers/STM32G4xx_HAL_Driver/Src/stm32g4xx_hal.c.obj
                0x0000000008002624                HAL_IncTick
 .text.HAL_GetTick
                0x000000000800263c        0xc CMakeFiles/1in69t.elf.dir/Drivers/STM32G4xx_HAL_Driver/Src/stm32g4xx_hal.c.obj
                0x000000000800263c                HAL_GetTick
 .text.HAL_Delay
                0x0000000008002648       0x28 CMakeFiles/1in69t.elf.dir/Drivers/STM32G4xx_HAL_Driver/Src/stm32g4xx_hal.c.obj
                0x0000000008002648                HAL_Delay
 .text.HAL_NVIC_SetPriorityGrouping
                0x0000000008002670       0x24 CMakeFiles/1in69t.elf.dir/Drivers/STM32G4xx_HAL_Driver/Src/stm32g4xx_hal_cortex.c.obj
                0x0000000008002670                HAL_NVIC_SetPriorityGrouping
 .text.HAL_NVIC_SetPriority
                0x0000000008002694       0x70 CMakeFiles/1in69t.elf.dir/Drivers/STM32G4xx_HAL_Driver/Src/stm32g4xx_hal_cortex.c.obj
                0x0000000008002694                HAL_NVIC_SetPriority
 .text.HAL_NVIC_EnableIRQ
                0x0000000008002704       0x1c CMakeFiles/1in69t.elf.dir/Drivers/STM32G4xx_HAL_Driver/Src/stm32g4xx_hal_cortex.c.obj
                0x0000000008002704                HAL_NVIC_EnableIRQ
 .text.HAL_SYSTICK_Config
                0x0000000008002720       0x28 CMakeFiles/1in69t.elf.dir/Drivers/STM32G4xx_HAL_Driver/Src/stm32g4xx_hal_cortex.c.obj
                0x0000000008002720                HAL_SYSTICK_Config
 .text.HAL_GPIO_Init
                0x0000000008002748      0x1dc CMakeFiles/1in69t.elf.dir/Drivers/STM32G4xx_HAL_Driver/Src/stm32g4xx_hal_gpio.c.obj
                0x0000000008002748                HAL_GPIO_Init
 .text.HAL_GPIO_WritePin
                0x0000000008002924        0xa CMakeFiles/1in69t.elf.dir/Drivers/STM32G4xx_HAL_Driver/Src/stm32g4xx_hal_gpio.c.obj
                0x0000000008002924                HAL_GPIO_WritePin
 .text.HAL_I2C_Init
                0x000000000800292e       0xbc CMakeFiles/1in69t.elf.dir/Drivers/STM32G4xx_HAL_Driver/Src/stm32g4xx_hal_i2c.c.obj
                0x000000000800292e                HAL_I2C_Init
 .text.HAL_I2CEx_ConfigAnalogFilter
                0x00000000080029ea       0x5c CMakeFiles/1in69t.elf.dir/Drivers/STM32G4xx_HAL_Driver/Src/stm32g4xx_hal_i2c_ex.c.obj
                0x00000000080029ea                HAL_I2CEx_ConfigAnalogFilter
 .text.HAL_I2CEx_ConfigDigitalFilter
                0x0000000008002a46       0x58 CMakeFiles/1in69t.elf.dir/Drivers/STM32G4xx_HAL_Driver/Src/stm32g4xx_hal_i2c_ex.c.obj
                0x0000000008002a46                HAL_I2CEx_ConfigDigitalFilter
 .text.HAL_PCD_EP_DB_Receive
                0x0000000008002a9e      0x118 CMakeFiles/1in69t.elf.dir/Drivers/STM32G4xx_HAL_Driver/Src/stm32g4xx_hal_pcd.c.obj
 .text.HAL_PCD_Init
                0x0000000008002bb6       0xe4 CMakeFiles/1in69t.elf.dir/Drivers/STM32G4xx_HAL_Driver/Src/stm32g4xx_hal_pcd.c.obj
                0x0000000008002bb6                HAL_PCD_Init
 .text.HAL_PCD_Start
                0x0000000008002c9a       0x2a CMakeFiles/1in69t.elf.dir/Drivers/STM32G4xx_HAL_Driver/Src/stm32g4xx_hal_pcd.c.obj
                0x0000000008002c9a                HAL_PCD_Start
 .text.HAL_PCD_EP_DB_Transmit
                0x0000000008002cc4      0x410 CMakeFiles/1in69t.elf.dir/Drivers/STM32G4xx_HAL_Driver/Src/stm32g4xx_hal_pcd.c.obj
 .text.PCD_EP_ISR_Handler
                0x00000000080030d4      0x50e CMakeFiles/1in69t.elf.dir/Drivers/STM32G4xx_HAL_Driver/Src/stm32g4xx_hal_pcd.c.obj
 .text.HAL_PCD_SetAddress
                0x00000000080035e2       0x28 CMakeFiles/1in69t.elf.dir/Drivers/STM32G4xx_HAL_Driver/Src/stm32g4xx_hal_pcd.c.obj
                0x00000000080035e2                HAL_PCD_SetAddress
 .text.HAL_PCD_IRQHandler
                0x000000000800360a      0x1b2 CMakeFiles/1in69t.elf.dir/Drivers/STM32G4xx_HAL_Driver/Src/stm32g4xx_hal_pcd.c.obj
                0x000000000800360a                HAL_PCD_IRQHandler
 .text.HAL_PCD_EP_Open
                0x00000000080037bc       0x84 CMakeFiles/1in69t.elf.dir/Drivers/STM32G4xx_HAL_Driver/Src/stm32g4xx_hal_pcd.c.obj
                0x00000000080037bc                HAL_PCD_EP_Open
 .text.HAL_PCD_EP_Close
                0x0000000008003840       0x64 CMakeFiles/1in69t.elf.dir/Drivers/STM32G4xx_HAL_Driver/Src/stm32g4xx_hal_pcd.c.obj
                0x0000000008003840                HAL_PCD_EP_Close
 .text.HAL_PCD_EP_Receive
                0x00000000080038a4       0x44 CMakeFiles/1in69t.elf.dir/Drivers/STM32G4xx_HAL_Driver/Src/stm32g4xx_hal_pcd.c.obj
                0x00000000080038a4                HAL_PCD_EP_Receive
 .text.HAL_PCD_EP_GetRxCount
                0x00000000080038e8       0x12 CMakeFiles/1in69t.elf.dir/Drivers/STM32G4xx_HAL_Driver/Src/stm32g4xx_hal_pcd.c.obj
                0x00000000080038e8                HAL_PCD_EP_GetRxCount
 .text.HAL_PCD_EP_Transmit
                0x00000000080038fa       0x50 CMakeFiles/1in69t.elf.dir/Drivers/STM32G4xx_HAL_Driver/Src/stm32g4xx_hal_pcd.c.obj
                0x00000000080038fa                HAL_PCD_EP_Transmit
 .text.HAL_PCD_EP_SetStall
                0x000000000800394a       0x6a CMakeFiles/1in69t.elf.dir/Drivers/STM32G4xx_HAL_Driver/Src/stm32g4xx_hal_pcd.c.obj
                0x000000000800394a                HAL_PCD_EP_SetStall
 .text.HAL_PCD_EP_ClrStall
                0x00000000080039b4       0x76 CMakeFiles/1in69t.elf.dir/Drivers/STM32G4xx_HAL_Driver/Src/stm32g4xx_hal_pcd.c.obj
                0x00000000080039b4                HAL_PCD_EP_ClrStall
 .text.HAL_PCDEx_PMAConfig
                0x0000000008003a2a       0x38 CMakeFiles/1in69t.elf.dir/Drivers/STM32G4xx_HAL_Driver/Src/stm32g4xx_hal_pcd_ex.c.obj
                0x0000000008003a2a                HAL_PCDEx_PMAConfig
 .text.HAL_PCDEx_ActivateLPM
                0x0000000008003a62       0x2c CMakeFiles/1in69t.elf.dir/Drivers/STM32G4xx_HAL_Driver/Src/stm32g4xx_hal_pcd_ex.c.obj
                0x0000000008003a62                HAL_PCDEx_ActivateLPM
 *fill*         0x0000000008003a8e        0x2 
 .text.HAL_PWREx_ControlVoltageScaling
                0x0000000008003a90      0x10c CMakeFiles/1in69t.elf.dir/Drivers/STM32G4xx_HAL_Driver/Src/stm32g4xx_hal_pwr_ex.c.obj
                0x0000000008003a90                HAL_PWREx_ControlVoltageScaling
 .text.HAL_PWREx_DisableUCPDDeadBattery
                0x0000000008003b9c       0x10 CMakeFiles/1in69t.elf.dir/Drivers/STM32G4xx_HAL_Driver/Src/stm32g4xx_hal_pwr_ex.c.obj
                0x0000000008003b9c                HAL_PWREx_DisableUCPDDeadBattery
 .text.RCC_GetSysClockFreqFromPLLSource
                0x0000000008003bac       0x58 CMakeFiles/1in69t.elf.dir/Drivers/STM32G4xx_HAL_Driver/Src/stm32g4xx_hal_rcc.c.obj
 .text.HAL_RCC_OscConfig
                0x0000000008003c04      0x4e8 CMakeFiles/1in69t.elf.dir/Drivers/STM32G4xx_HAL_Driver/Src/stm32g4xx_hal_rcc.c.obj
                0x0000000008003c04                HAL_RCC_OscConfig
 .text.HAL_RCC_GetSysClockFreq
                0x00000000080040ec       0x88 CMakeFiles/1in69t.elf.dir/Drivers/STM32G4xx_HAL_Driver/Src/stm32g4xx_hal_rcc.c.obj
                0x00000000080040ec                HAL_RCC_GetSysClockFreq
 .text.HAL_RCC_ClockConfig
                0x0000000008004174      0x1f8 CMakeFiles/1in69t.elf.dir/Drivers/STM32G4xx_HAL_Driver/Src/stm32g4xx_hal_rcc.c.obj
                0x0000000008004174                HAL_RCC_ClockConfig
 .text.HAL_RCCEx_PeriphCLKConfig
                0x000000000800436c      0x2e4 CMakeFiles/1in69t.elf.dir/Drivers/STM32G4xx_HAL_Driver/Src/stm32g4xx_hal_rcc_ex.c.obj
                0x000000000800436c                HAL_RCCEx_PeriphCLKConfig
 .text.SPI_WaitFlagStateUntilTimeout
                0x0000000008004650       0xd4 CMakeFiles/1in69t.elf.dir/Drivers/STM32G4xx_HAL_Driver/Src/stm32g4xx_hal_spi.c.obj
 .text.SPI_WaitFifoStateUntilTimeout
                0x0000000008004724       0xf4 CMakeFiles/1in69t.elf.dir/Drivers/STM32G4xx_HAL_Driver/Src/stm32g4xx_hal_spi.c.obj
 .text.SPI_EndRxTxTransaction
                0x0000000008004818       0x62 CMakeFiles/1in69t.elf.dir/Drivers/STM32G4xx_HAL_Driver/Src/stm32g4xx_hal_spi.c.obj
 .text.HAL_SPI_Init
                0x000000000800487a       0xe8 CMakeFiles/1in69t.elf.dir/Drivers/STM32G4xx_HAL_Driver/Src/stm32g4xx_hal_spi.c.obj
                0x000000000800487a                HAL_SPI_Init
 .text.HAL_SPI_Transmit
                0x0000000008004962      0x202 CMakeFiles/1in69t.elf.dir/Drivers/STM32G4xx_HAL_Driver/Src/stm32g4xx_hal_spi.c.obj
                0x0000000008004962                HAL_SPI_Transmit
 .text.TIM_OC1_SetConfig
                0x0000000008004b64       0xa0 CMakeFiles/1in69t.elf.dir/Drivers/STM32G4xx_HAL_Driver/Src/stm32g4xx_hal_tim.c.obj
 .text.TIM_OC3_SetConfig
                0x0000000008004c04       0x8c CMakeFiles/1in69t.elf.dir/Drivers/STM32G4xx_HAL_Driver/Src/stm32g4xx_hal_tim.c.obj
 .text.TIM_OC4_SetConfig
                0x0000000008004c90       0x8c CMakeFiles/1in69t.elf.dir/Drivers/STM32G4xx_HAL_Driver/Src/stm32g4xx_hal_tim.c.obj
 .text.TIM_OC5_SetConfig
                0x0000000008004d1c       0x68 CMakeFiles/1in69t.elf.dir/Drivers/STM32G4xx_HAL_Driver/Src/stm32g4xx_hal_tim.c.obj
 .text.TIM_OC6_SetConfig
                0x0000000008004d84       0x6c CMakeFiles/1in69t.elf.dir/Drivers/STM32G4xx_HAL_Driver/Src/stm32g4xx_hal_tim.c.obj
 .text.TIM_TI1_ConfigInputStage
                0x0000000008004df0       0x24 CMakeFiles/1in69t.elf.dir/Drivers/STM32G4xx_HAL_Driver/Src/stm32g4xx_hal_tim.c.obj
 .text.TIM_TI2_ConfigInputStage
                0x0000000008004e14       0x26 CMakeFiles/1in69t.elf.dir/Drivers/STM32G4xx_HAL_Driver/Src/stm32g4xx_hal_tim.c.obj
 .text.TIM_ITRx_SetConfig
                0x0000000008004e3a       0x14 CMakeFiles/1in69t.elf.dir/Drivers/STM32G4xx_HAL_Driver/Src/stm32g4xx_hal_tim.c.obj
 .text.HAL_TIM_PWM_MspInit
                0x0000000008004e4e        0x2 CMakeFiles/1in69t.elf.dir/Drivers/STM32G4xx_HAL_Driver/Src/stm32g4xx_hal_tim.c.obj
                0x0000000008004e4e                HAL_TIM_PWM_MspInit
 .text.TIM_Base_SetConfig
                0x0000000008004e50       0xb8 CMakeFiles/1in69t.elf.dir/Drivers/STM32G4xx_HAL_Driver/Src/stm32g4xx_hal_tim.c.obj
                0x0000000008004e50                TIM_Base_SetConfig
 .text.HAL_TIM_Base_Init
                0x0000000008004f08       0x60 CMakeFiles/1in69t.elf.dir/Drivers/STM32G4xx_HAL_Driver/Src/stm32g4xx_hal_tim.c.obj
                0x0000000008004f08                HAL_TIM_Base_Init
 .text.HAL_TIM_PWM_Init
                0x0000000008004f68       0x60 CMakeFiles/1in69t.elf.dir/Drivers/STM32G4xx_HAL_Driver/Src/stm32g4xx_hal_tim.c.obj
                0x0000000008004f68                HAL_TIM_PWM_Init
 .text.TIM_OC2_SetConfig
                0x0000000008004fc8       0x8c CMakeFiles/1in69t.elf.dir/Drivers/STM32G4xx_HAL_Driver/Src/stm32g4xx_hal_tim.c.obj
                0x0000000008004fc8                TIM_OC2_SetConfig
 .text.HAL_TIM_PWM_ConfigChannel
                0x0000000008005054      0x13a CMakeFiles/1in69t.elf.dir/Drivers/STM32G4xx_HAL_Driver/Src/stm32g4xx_hal_tim.c.obj
                0x0000000008005054                HAL_TIM_PWM_ConfigChannel
 .text.TIM_ETR_SetConfig
                0x000000000800518e       0x18 CMakeFiles/1in69t.elf.dir/Drivers/STM32G4xx_HAL_Driver/Src/stm32g4xx_hal_tim.c.obj
                0x000000000800518e                TIM_ETR_SetConfig
 *fill*         0x00000000080051a6        0x2 
 .text.HAL_TIM_ConfigClockSource
                0x00000000080051a8      0x138 CMakeFiles/1in69t.elf.dir/Drivers/STM32G4xx_HAL_Driver/Src/stm32g4xx_hal_tim.c.obj
                0x00000000080051a8                HAL_TIM_ConfigClockSource
 .text.TIM_CCxChannelCmd
                0x00000000080052e0       0x1e CMakeFiles/1in69t.elf.dir/Drivers/STM32G4xx_HAL_Driver/Src/stm32g4xx_hal_tim.c.obj
                0x00000000080052e0                TIM_CCxChannelCmd
 *fill*         0x00000000080052fe        0x2 
 .text.HAL_TIM_PWM_Start
                0x0000000008005300      0x158 CMakeFiles/1in69t.elf.dir/Drivers/STM32G4xx_HAL_Driver/Src/stm32g4xx_hal_tim.c.obj
                0x0000000008005300                HAL_TIM_PWM_Start
 .text.HAL_TIM_PWM_Stop
                0x0000000008005458       0xb8 CMakeFiles/1in69t.elf.dir/Drivers/STM32G4xx_HAL_Driver/Src/stm32g4xx_hal_tim.c.obj
                0x0000000008005458                HAL_TIM_PWM_Stop
 .text.HAL_TIMEx_MasterConfigSynchronization
                0x0000000008005510       0x94 CMakeFiles/1in69t.elf.dir/Drivers/STM32G4xx_HAL_Driver/Src/stm32g4xx_hal_tim_ex.c.obj
                0x0000000008005510                HAL_TIMEx_MasterConfigSynchronization
 .text.HAL_TIMEx_ConfigBreakDeadTime
                0x00000000080055a4       0xbc CMakeFiles/1in69t.elf.dir/Drivers/STM32G4xx_HAL_Driver/Src/stm32g4xx_hal_tim_ex.c.obj
                0x00000000080055a4                HAL_TIMEx_ConfigBreakDeadTime
 .text.USB_EnableGlobalInt
                0x0000000008005660       0x12 CMakeFiles/1in69t.elf.dir/Drivers/STM32G4xx_HAL_Driver/Src/stm32g4xx_ll_usb.c.obj
                0x0000000008005660                USB_EnableGlobalInt
 .text.USB_DisableGlobalInt
                0x0000000008005672       0x14 CMakeFiles/1in69t.elf.dir/Drivers/STM32G4xx_HAL_Driver/Src/stm32g4xx_ll_usb.c.obj
                0x0000000008005672                USB_DisableGlobalInt
 .text.USB_DevInit
                0x0000000008005686       0x22 CMakeFiles/1in69t.elf.dir/Drivers/STM32G4xx_HAL_Driver/Src/stm32g4xx_ll_usb.c.obj
                0x0000000008005686                USB_DevInit
 .text.USB_ActivateEndpoint
                0x00000000080056a8      0x39a CMakeFiles/1in69t.elf.dir/Drivers/STM32G4xx_HAL_Driver/Src/stm32g4xx_ll_usb.c.obj
                0x00000000080056a8                USB_ActivateEndpoint
 .text.USB_DeactivateEndpoint
                0x0000000008005a42      0x1d6 CMakeFiles/1in69t.elf.dir/Drivers/STM32G4xx_HAL_Driver/Src/stm32g4xx_ll_usb.c.obj
                0x0000000008005a42                USB_DeactivateEndpoint
 .text.USB_EPSetStall
                0x0000000008005c18       0x4a CMakeFiles/1in69t.elf.dir/Drivers/STM32G4xx_HAL_Driver/Src/stm32g4xx_ll_usb.c.obj
                0x0000000008005c18                USB_EPSetStall
 .text.USB_EPClearStall
                0x0000000008005c62       0xa2 CMakeFiles/1in69t.elf.dir/Drivers/STM32G4xx_HAL_Driver/Src/stm32g4xx_ll_usb.c.obj
                0x0000000008005c62                USB_EPClearStall
 .text.USB_SetDevAddress
                0x0000000008005d04        0xc CMakeFiles/1in69t.elf.dir/Drivers/STM32G4xx_HAL_Driver/Src/stm32g4xx_ll_usb.c.obj
                0x0000000008005d04                USB_SetDevAddress
 .text.USB_DevConnect
                0x0000000008005d10       0x16 CMakeFiles/1in69t.elf.dir/Drivers/STM32G4xx_HAL_Driver/Src/stm32g4xx_ll_usb.c.obj
                0x0000000008005d10                USB_DevConnect
 .text.USB_ReadInterrupts
                0x0000000008005d26        0x8 CMakeFiles/1in69t.elf.dir/Drivers/STM32G4xx_HAL_Driver/Src/stm32g4xx_ll_usb.c.obj
                0x0000000008005d26                USB_ReadInterrupts
 .text.USB_WritePMA
                0x0000000008005d2e       0x26 CMakeFiles/1in69t.elf.dir/Drivers/STM32G4xx_HAL_Driver/Src/stm32g4xx_ll_usb.c.obj
                0x0000000008005d2e                USB_WritePMA
 .text.USB_EPStartXfer
                0x0000000008005d54      0x760 CMakeFiles/1in69t.elf.dir/Drivers/STM32G4xx_HAL_Driver/Src/stm32g4xx_ll_usb.c.obj
                0x0000000008005d54                USB_EPStartXfer
 .text.USB_ReadPMA
                0x00000000080064b4       0x2e CMakeFiles/1in69t.elf.dir/Drivers/STM32G4xx_HAL_Driver/Src/stm32g4xx_ll_usb.c.obj
                0x00000000080064b4                USB_ReadPMA
 .text.USBD_CDC_EP0_RxReady
                0x00000000080064e2       0x36 CMakeFiles/1in69t.elf.dir/Middlewares/ST/STM32_USB_Device_Library/Class/CDC/Src/usbd_cdc.c.obj
 .text.USBD_CDC_GetFSCfgDesc
                0x0000000008006518        0xc CMakeFiles/1in69t.elf.dir/Middlewares/ST/STM32_USB_Device_Library/Class/CDC/Src/usbd_cdc.c.obj
 .text.USBD_CDC_GetHSCfgDesc
                0x0000000008006524        0xc CMakeFiles/1in69t.elf.dir/Middlewares/ST/STM32_USB_Device_Library/Class/CDC/Src/usbd_cdc.c.obj
 .text.USBD_CDC_GetOtherSpeedCfgDesc
                0x0000000008006530        0xc CMakeFiles/1in69t.elf.dir/Middlewares/ST/STM32_USB_Device_Library/Class/CDC/Src/usbd_cdc.c.obj
 .text.USBD_CDC_GetDeviceQualifierDescriptor
                0x000000000800653c        0xc CMakeFiles/1in69t.elf.dir/Middlewares/ST/STM32_USB_Device_Library/Class/CDC/Src/usbd_cdc.c.obj
                0x000000000800653c                USBD_CDC_GetDeviceQualifierDescriptor
 .text.USBD_CDC_DataOut
                0x0000000008006548       0x2a CMakeFiles/1in69t.elf.dir/Middlewares/ST/STM32_USB_Device_Library/Class/CDC/Src/usbd_cdc.c.obj
 .text.USBD_CDC_DataIn
                0x0000000008006572       0x6a CMakeFiles/1in69t.elf.dir/Middlewares/ST/STM32_USB_Device_Library/Class/CDC/Src/usbd_cdc.c.obj
 .text.USBD_CDC_Setup
                0x00000000080065dc       0xf4 CMakeFiles/1in69t.elf.dir/Middlewares/ST/STM32_USB_Device_Library/Class/CDC/Src/usbd_cdc.c.obj
 .text.USBD_CDC_DeInit
                0x00000000080066d0       0x48 CMakeFiles/1in69t.elf.dir/Middlewares/ST/STM32_USB_Device_Library/Class/CDC/Src/usbd_cdc.c.obj
 .text.USBD_CDC_Init
                0x0000000008006718       0xc2 CMakeFiles/1in69t.elf.dir/Middlewares/ST/STM32_USB_Device_Library/Class/CDC/Src/usbd_cdc.c.obj
 .text.USBD_CDC_RegisterInterface
                0x00000000080067da        0xe CMakeFiles/1in69t.elf.dir/Middlewares/ST/STM32_USB_Device_Library/Class/CDC/Src/usbd_cdc.c.obj
                0x00000000080067da                USBD_CDC_RegisterInterface
 .text.USBD_CDC_SetTxBuffer
                0x00000000080067e8       0x16 CMakeFiles/1in69t.elf.dir/Middlewares/ST/STM32_USB_Device_Library/Class/CDC/Src/usbd_cdc.c.obj
                0x00000000080067e8                USBD_CDC_SetTxBuffer
 .text.USBD_CDC_SetRxBuffer
                0x00000000080067fe       0x12 CMakeFiles/1in69t.elf.dir/Middlewares/ST/STM32_USB_Device_Library/Class/CDC/Src/usbd_cdc.c.obj
                0x00000000080067fe                USBD_CDC_SetRxBuffer
 .text.USBD_CDC_TransmitPacket
                0x0000000008006810       0x34 CMakeFiles/1in69t.elf.dir/Middlewares/ST/STM32_USB_Device_Library/Class/CDC/Src/usbd_cdc.c.obj
                0x0000000008006810                USBD_CDC_TransmitPacket
 .text.USBD_CDC_ReceivePacket
                0x0000000008006844       0x32 CMakeFiles/1in69t.elf.dir/Middlewares/ST/STM32_USB_Device_Library/Class/CDC/Src/usbd_cdc.c.obj
                0x0000000008006844                USBD_CDC_ReceivePacket
 .text.USBD_Init
                0x0000000008006876       0x2e CMakeFiles/1in69t.elf.dir/Middlewares/ST/STM32_USB_Device_Library/Core/Src/usbd_core.c.obj
                0x0000000008006876                USBD_Init
 .text.USBD_RegisterClass
                0x00000000080068a4       0x2e CMakeFiles/1in69t.elf.dir/Middlewares/ST/STM32_USB_Device_Library/Core/Src/usbd_core.c.obj
                0x00000000080068a4                USBD_RegisterClass
 .text.USBD_Start
                0x00000000080068d2        0x8 CMakeFiles/1in69t.elf.dir/Middlewares/ST/STM32_USB_Device_Library/Core/Src/usbd_core.c.obj
                0x00000000080068d2                USBD_Start
 .text.USBD_SetClassConfig
                0x00000000080068da       0x12 CMakeFiles/1in69t.elf.dir/Middlewares/ST/STM32_USB_Device_Library/Core/Src/usbd_core.c.obj
                0x00000000080068da                USBD_SetClassConfig
 .text.USBD_ClrClassConfig
                0x00000000080068ec       0x10 CMakeFiles/1in69t.elf.dir/Middlewares/ST/STM32_USB_Device_Library/Core/Src/usbd_core.c.obj
                0x00000000080068ec                USBD_ClrClassConfig
 .text.USBD_LL_SetupStage
                0x00000000080068fc       0x58 CMakeFiles/1in69t.elf.dir/Middlewares/ST/STM32_USB_Device_Library/Core/Src/usbd_core.c.obj
                0x00000000080068fc                USBD_LL_SetupStage
 .text.USBD_LL_DataOutStage
                0x0000000008006954       0x78 CMakeFiles/1in69t.elf.dir/Middlewares/ST/STM32_USB_Device_Library/Core/Src/usbd_core.c.obj
                0x0000000008006954                USBD_LL_DataOutStage
 .text.USBD_LL_DataInStage
                0x00000000080069cc       0xbe CMakeFiles/1in69t.elf.dir/Middlewares/ST/STM32_USB_Device_Library/Core/Src/usbd_core.c.obj
                0x00000000080069cc                USBD_LL_DataInStage
 .text.USBD_LL_Reset
                0x0000000008006a8a       0x5a CMakeFiles/1in69t.elf.dir/Middlewares/ST/STM32_USB_Device_Library/Core/Src/usbd_core.c.obj
                0x0000000008006a8a                USBD_LL_Reset
 .text.USBD_LL_SetSpeed
                0x0000000008006ae4        0x6 CMakeFiles/1in69t.elf.dir/Middlewares/ST/STM32_USB_Device_Library/Core/Src/usbd_core.c.obj
                0x0000000008006ae4                USBD_LL_SetSpeed
 .text.USBD_LL_Suspend
                0x0000000008006aea       0x14 CMakeFiles/1in69t.elf.dir/Middlewares/ST/STM32_USB_Device_Library/Core/Src/usbd_core.c.obj
                0x0000000008006aea                USBD_LL_Suspend
 .text.USBD_LL_Resume
                0x0000000008006afe       0x1a CMakeFiles/1in69t.elf.dir/Middlewares/ST/STM32_USB_Device_Library/Core/Src/usbd_core.c.obj
                0x0000000008006afe                USBD_LL_Resume
 .text.USBD_LL_SOF
                0x0000000008006b18       0x28 CMakeFiles/1in69t.elf.dir/Middlewares/ST/STM32_USB_Device_Library/Core/Src/usbd_core.c.obj
                0x0000000008006b18                USBD_LL_SOF
 .text.USBD_GetLen
                0x0000000008006b40       0x14 CMakeFiles/1in69t.elf.dir/Middlewares/ST/STM32_USB_Device_Library/Core/Src/usbd_ctlreq.c.obj
 .text.USBD_SetFeature
                0x0000000008006b54       0x14 CMakeFiles/1in69t.elf.dir/Middlewares/ST/STM32_USB_Device_Library/Core/Src/usbd_ctlreq.c.obj
 .text.USBD_ParseSetupRequest
                0x0000000008006b68       0x28 CMakeFiles/1in69t.elf.dir/Middlewares/ST/STM32_USB_Device_Library/Core/Src/usbd_ctlreq.c.obj
                0x0000000008006b68                USBD_ParseSetupRequest
 .text.USBD_CtlError
                0x0000000008006b90       0x14 CMakeFiles/1in69t.elf.dir/Middlewares/ST/STM32_USB_Device_Library/Core/Src/usbd_ctlreq.c.obj
                0x0000000008006b90                USBD_CtlError
 .text.USBD_GetDescriptor
                0x0000000008006ba4      0x1ac CMakeFiles/1in69t.elf.dir/Middlewares/ST/STM32_USB_Device_Library/Core/Src/usbd_ctlreq.c.obj
 .text.USBD_SetAddress
                0x0000000008006d50       0x50 CMakeFiles/1in69t.elf.dir/Middlewares/ST/STM32_USB_Device_Library/Core/Src/usbd_ctlreq.c.obj
 .text.USBD_SetConfig
                0x0000000008006da0       0xc8 CMakeFiles/1in69t.elf.dir/Middlewares/ST/STM32_USB_Device_Library/Core/Src/usbd_ctlreq.c.obj
 .text.USBD_GetConfig
                0x0000000008006e68       0x40 CMakeFiles/1in69t.elf.dir/Middlewares/ST/STM32_USB_Device_Library/Core/Src/usbd_ctlreq.c.obj
 .text.USBD_GetStatus
                0x0000000008006ea8       0x38 CMakeFiles/1in69t.elf.dir/Middlewares/ST/STM32_USB_Device_Library/Core/Src/usbd_ctlreq.c.obj
 .text.USBD_ClrFeature
                0x0000000008006ee0       0x26 CMakeFiles/1in69t.elf.dir/Middlewares/ST/STM32_USB_Device_Library/Core/Src/usbd_ctlreq.c.obj
 .text.USBD_StdDevReq
                0x0000000008006f06       0x70 CMakeFiles/1in69t.elf.dir/Middlewares/ST/STM32_USB_Device_Library/Core/Src/usbd_ctlreq.c.obj
                0x0000000008006f06                USBD_StdDevReq
 .text.USBD_StdItfReq
                0x0000000008006f76       0x68 CMakeFiles/1in69t.elf.dir/Middlewares/ST/STM32_USB_Device_Library/Core/Src/usbd_ctlreq.c.obj
                0x0000000008006f76                USBD_StdItfReq
 .text.USBD_StdEPReq
                0x0000000008006fde      0x1ec CMakeFiles/1in69t.elf.dir/Middlewares/ST/STM32_USB_Device_Library/Core/Src/usbd_ctlreq.c.obj
                0x0000000008006fde                USBD_StdEPReq
 .text.USBD_GetString
                0x00000000080071ca       0x3a CMakeFiles/1in69t.elf.dir/Middlewares/ST/STM32_USB_Device_Library/Core/Src/usbd_ctlreq.c.obj
                0x00000000080071ca                USBD_GetString
 .text.USBD_CtlSendData
                0x0000000008007204       0x1a CMakeFiles/1in69t.elf.dir/Middlewares/ST/STM32_USB_Device_Library/Core/Src/usbd_ioreq.c.obj
                0x0000000008007204                USBD_CtlSendData
 .text.USBD_CtlContinueSendData
                0x000000000800721e       0x10 CMakeFiles/1in69t.elf.dir/Middlewares/ST/STM32_USB_Device_Library/Core/Src/usbd_ioreq.c.obj
                0x000000000800721e                USBD_CtlContinueSendData
 .text.USBD_CtlPrepareRx
                0x000000000800722e       0x1e CMakeFiles/1in69t.elf.dir/Middlewares/ST/STM32_USB_Device_Library/Core/Src/usbd_ioreq.c.obj
                0x000000000800722e                USBD_CtlPrepareRx
 .text.USBD_CtlContinueRx
                0x000000000800724c       0x10 CMakeFiles/1in69t.elf.dir/Middlewares/ST/STM32_USB_Device_Library/Core/Src/usbd_ioreq.c.obj
                0x000000000800724c                USBD_CtlContinueRx
 .text.USBD_CtlSendStatus
                0x000000000800725c       0x16 CMakeFiles/1in69t.elf.dir/Middlewares/ST/STM32_USB_Device_Library/Core/Src/usbd_ioreq.c.obj
                0x000000000800725c                USBD_CtlSendStatus
 .text.USBD_CtlReceiveStatus
                0x0000000008007272       0x16 CMakeFiles/1in69t.elf.dir/Middlewares/ST/STM32_USB_Device_Library/Core/Src/usbd_ioreq.c.obj
                0x0000000008007272                USBD_CtlReceiveStatus
 .text.MX_USB_Device_Init
                0x0000000008007288       0x54 CMakeFiles/1in69t.elf.dir/USB_Device/App/usb_device.c.obj
                0x0000000008007288                MX_USB_Device_Init
 .text.CDC_DeInit_FS
                0x00000000080072dc        0x4 CMakeFiles/1in69t.elf.dir/USB_Device/App/usbd_cdc_if.c.obj
 .text.CDC_Control_FS
                0x00000000080072e0        0x4 CMakeFiles/1in69t.elf.dir/USB_Device/App/usbd_cdc_if.c.obj
 .text.CDC_TransmitCplt_FS
                0x00000000080072e4        0x4 CMakeFiles/1in69t.elf.dir/USB_Device/App/usbd_cdc_if.c.obj
 .text.CDC_Receive_FS
                0x00000000080072e8       0x1c CMakeFiles/1in69t.elf.dir/USB_Device/App/usbd_cdc_if.c.obj
 .text.CDC_Init_FS
                0x0000000008007304       0x28 CMakeFiles/1in69t.elf.dir/USB_Device/App/usbd_cdc_if.c.obj
 .text.CDC_Transmit_FS
                0x000000000800732c       0x2c CMakeFiles/1in69t.elf.dir/USB_Device/App/usbd_cdc_if.c.obj
                0x000000000800732c                CDC_Transmit_FS
 .text.USBD_CDC_DeviceDescriptor
                0x0000000008007358        0xc CMakeFiles/1in69t.elf.dir/USB_Device/App/usbd_desc.c.obj
                0x0000000008007358                USBD_CDC_DeviceDescriptor
 .text.USBD_CDC_LangIDStrDescriptor
                0x0000000008007364        0xc CMakeFiles/1in69t.elf.dir/USB_Device/App/usbd_desc.c.obj
                0x0000000008007364                USBD_CDC_LangIDStrDescriptor
 .text.IntToUnicode
                0x0000000008007370       0x46 CMakeFiles/1in69t.elf.dir/USB_Device/App/usbd_desc.c.obj
 *fill*         0x00000000080073b6        0x2 
 .text.Get_SerialNum
                0x00000000080073b8       0x38 CMakeFiles/1in69t.elf.dir/USB_Device/App/usbd_desc.c.obj
 .text.USBD_CDC_SerialStrDescriptor
                0x00000000080073f0       0x14 CMakeFiles/1in69t.elf.dir/USB_Device/App/usbd_desc.c.obj
                0x00000000080073f0                USBD_CDC_SerialStrDescriptor
 .text.USBD_CDC_ProductStrDescriptor
                0x0000000008007404       0x24 CMakeFiles/1in69t.elf.dir/USB_Device/App/usbd_desc.c.obj
                0x0000000008007404                USBD_CDC_ProductStrDescriptor
 .text.USBD_CDC_ManufacturerStrDescriptor
                0x0000000008007428       0x1c CMakeFiles/1in69t.elf.dir/USB_Device/App/usbd_desc.c.obj
                0x0000000008007428                USBD_CDC_ManufacturerStrDescriptor
 .text.USBD_CDC_ConfigStrDescriptor
                0x0000000008007444       0x24 CMakeFiles/1in69t.elf.dir/USB_Device/App/usbd_desc.c.obj
                0x0000000008007444                USBD_CDC_ConfigStrDescriptor
 .text.USBD_CDC_InterfaceStrDescriptor
                0x0000000008007468       0x24 CMakeFiles/1in69t.elf.dir/USB_Device/App/usbd_desc.c.obj
                0x0000000008007468                USBD_CDC_InterfaceStrDescriptor
 .text.USBD_Get_USB_Status
                0x000000000800748c       0x14 CMakeFiles/1in69t.elf.dir/USB_Device/Target/usbd_conf.c.obj
 .text.SystemClockConfig_Resume
                0x00000000080074a0        0x8 CMakeFiles/1in69t.elf.dir/USB_Device/Target/usbd_conf.c.obj
 .text.HAL_PCD_MspInit
                0x00000000080074a8       0x64 CMakeFiles/1in69t.elf.dir/USB_Device/Target/usbd_conf.c.obj
                0x00000000080074a8                HAL_PCD_MspInit
 .text.HAL_PCD_SetupStageCallback
                0x000000000800750c       0x10 CMakeFiles/1in69t.elf.dir/USB_Device/Target/usbd_conf.c.obj
                0x000000000800750c                HAL_PCD_SetupStageCallback
 .text.HAL_PCD_DataOutStageCallback
                0x000000000800751c       0x18 CMakeFiles/1in69t.elf.dir/USB_Device/Target/usbd_conf.c.obj
                0x000000000800751c                HAL_PCD_DataOutStageCallback
 .text.HAL_PCD_DataInStageCallback
                0x0000000008007534       0x16 CMakeFiles/1in69t.elf.dir/USB_Device/Target/usbd_conf.c.obj
                0x0000000008007534                HAL_PCD_DataInStageCallback
 .text.HAL_PCD_SOFCallback
                0x000000000800754a        0xc CMakeFiles/1in69t.elf.dir/USB_Device/Target/usbd_conf.c.obj
                0x000000000800754a                HAL_PCD_SOFCallback
 .text.HAL_PCD_ResetCallback
                0x0000000008007556       0x24 CMakeFiles/1in69t.elf.dir/USB_Device/Target/usbd_conf.c.obj
                0x0000000008007556                HAL_PCD_ResetCallback
 *fill*         0x000000000800757a        0x2 
 .text.HAL_PCD_SuspendCallback
                0x000000000800757c       0x20 CMakeFiles/1in69t.elf.dir/USB_Device/Target/usbd_conf.c.obj
                0x000000000800757c                HAL_PCD_SuspendCallback
 .text.HAL_PCD_ResumeCallback
                0x000000000800759c       0x28 CMakeFiles/1in69t.elf.dir/USB_Device/Target/usbd_conf.c.obj
                0x000000000800759c                HAL_PCD_ResumeCallback
 .text.USBD_LL_Init
                0x00000000080075c4       0x88 CMakeFiles/1in69t.elf.dir/USB_Device/Target/usbd_conf.c.obj
                0x00000000080075c4                USBD_LL_Init
 .text.USBD_LL_Start
                0x000000000800764c       0x10 CMakeFiles/1in69t.elf.dir/USB_Device/Target/usbd_conf.c.obj
                0x000000000800764c                USBD_LL_Start
 .text.USBD_LL_OpenEP
                0x000000000800765c       0x16 CMakeFiles/1in69t.elf.dir/USB_Device/Target/usbd_conf.c.obj
                0x000000000800765c                USBD_LL_OpenEP
 .text.USBD_LL_CloseEP
                0x0000000008007672       0x10 CMakeFiles/1in69t.elf.dir/USB_Device/Target/usbd_conf.c.obj
                0x0000000008007672                USBD_LL_CloseEP
 .text.USBD_LL_StallEP
                0x0000000008007682       0x10 CMakeFiles/1in69t.elf.dir/USB_Device/Target/usbd_conf.c.obj
                0x0000000008007682                USBD_LL_StallEP
 .text.USBD_LL_ClearStallEP
                0x0000000008007692       0x10 CMakeFiles/1in69t.elf.dir/USB_Device/Target/usbd_conf.c.obj
                0x0000000008007692                USBD_LL_ClearStallEP
 .text.USBD_LL_IsStallEP
                0x00000000080076a2       0x2e CMakeFiles/1in69t.elf.dir/USB_Device/Target/usbd_conf.c.obj
                0x00000000080076a2                USBD_LL_IsStallEP
 .text.USBD_LL_SetUSBAddress
                0x00000000080076d0       0x10 CMakeFiles/1in69t.elf.dir/USB_Device/Target/usbd_conf.c.obj
                0x00000000080076d0                USBD_LL_SetUSBAddress
 .text.USBD_LL_Transmit
                0x00000000080076e0       0x10 CMakeFiles/1in69t.elf.dir/USB_Device/Target/usbd_conf.c.obj
                0x00000000080076e0                USBD_LL_Transmit
 .text.USBD_LL_PrepareReceive
                0x00000000080076f0       0x10 CMakeFiles/1in69t.elf.dir/USB_Device/Target/usbd_conf.c.obj
                0x00000000080076f0                USBD_LL_PrepareReceive
 .text.USBD_LL_GetRxDataSize
                0x0000000008007700        0xc CMakeFiles/1in69t.elf.dir/USB_Device/Target/usbd_conf.c.obj
                0x0000000008007700                USBD_LL_GetRxDataSize
 .text.HAL_PCDEx_LPM_Callback
                0x000000000800770c       0x48 CMakeFiles/1in69t.elf.dir/USB_Device/Target/usbd_conf.c.obj
                0x000000000800770c                HAL_PCDEx_LPM_Callback
 .text.USBD_static_malloc
                0x0000000008007754        0x8 CMakeFiles/1in69t.elf.dir/USB_Device/Target/usbd_conf.c.obj
                0x0000000008007754                USBD_static_malloc
 .text.USBD_static_free
                0x000000000800775c        0x2 CMakeFiles/1in69t.elf.dir/USB_Device/Target/usbd_conf.c.obj
                0x000000000800775c                USBD_static_free
 *fill*         0x000000000800775e        0x2 
 .text.test_lcd
                0x0000000008007760       0x54 CMakeFiles/1in69t.elf.dir/User/src/1in69_test.c.obj
                0x0000000008007760                test_lcd
 .text.DEV_SPI_Write
                0x00000000080077b4       0x24 CMakeFiles/1in69t.elf.dir/User/src/Config.c.obj
                0x00000000080077b4                DEV_SPI_Write
 .text.DEV_Module_init
                0x00000000080077d8       0x38 CMakeFiles/1in69t.elf.dir/User/src/Config.c.obj
                0x00000000080077d8                DEV_Module_init
 .text.DEV_Module_Exit
                0x0000000008007810       0x34 CMakeFiles/1in69t.elf.dir/User/src/Config.c.obj
                0x0000000008007810                DEV_Module_Exit
 .text.LCD_1IN69_Reset
                0x0000000008007844       0x3a CMakeFiles/1in69t.elf.dir/User/src/lcd_1in69.c.obj
 .text.LCD_1IN69_SendCommand
                0x000000000800787e       0x24 CMakeFiles/1in69t.elf.dir/User/src/lcd_1in69.c.obj
 .text.LCD_1IN69_SendData_8Bit
                0x00000000080078a2       0x18 CMakeFiles/1in69t.elf.dir/User/src/lcd_1in69.c.obj
 *fill*         0x00000000080078ba        0x2 
 .text.LCD_1IN69_SetAttributes
                0x00000000080078bc       0x38 CMakeFiles/1in69t.elf.dir/User/src/lcd_1in69.c.obj
 .text.LCD_1IN69_InitReg
                0x00000000080078f4      0x196 CMakeFiles/1in69t.elf.dir/User/src/lcd_1in69.c.obj
 .text.LCD_1IN69_SendData_16Bit
                0x0000000008007a8a       0x36 CMakeFiles/1in69t.elf.dir/User/src/lcd_1in69.c.obj
 .text.LCD_1IN69_Init
                0x0000000008007ac0       0x14 CMakeFiles/1in69t.elf.dir/User/src/lcd_1in69.c.obj
                0x0000000008007ac0                LCD_1IN69_Init
 .text.LCD_1IN69_SetWindows
                0x0000000008007ad4       0xcc CMakeFiles/1in69t.elf.dir/User/src/lcd_1in69.c.obj
                0x0000000008007ad4                LCD_1IN69_SetWindows
 .text.LCD_1IN69_Clear
                0x0000000008007ba0       0x4c CMakeFiles/1in69t.elf.dir/User/src/lcd_1in69.c.obj
                0x0000000008007ba0                LCD_1IN69_Clear
 .text.LCD_1IN69_DrawPoint
                0x0000000008007bec       0x14 CMakeFiles/1in69t.elf.dir/User/src/lcd_1in69.c.obj
                0x0000000008007bec                LCD_1IN69_DrawPoint
 .text.LCD_1IN69_SetBackLight
                0x0000000008007c00        0xc CMakeFiles/1in69t.elf.dir/User/src/lcd_1in69.c.obj
                0x0000000008007c00                LCD_1IN69_SetBackLight
 .text._write   0x0000000008007c0c       0x10 CMakeFiles/1in69t.elf.dir/User/src/usb_vcom.c.obj
                0x0000000008007c0c                _write
 .text.startup  0x0000000008007c1c       0x14 /usr/lib/gcc/arm-none-eabi/10.3.1/../../../arm-none-eabi/lib/thumb/v7e-m/nofp/libg.a(lib_a-__call_atexit.o)
 *(.glue_7)
 .glue_7        0x0000000008007c30        0x0 linker stubs
 *(.glue_7t)
 .glue_7t       0x0000000008007c30        0x0 linker stubs
 *(.eh_frame)
 .eh_frame      0x0000000008007c30        0x0 /usr/lib/gcc/arm-none-eabi/10.3.1/thumb/v7e-m/nofp/crtbegin.o
 *(.init)
 .init          0x0000000008007c30        0x4 /usr/lib/gcc/arm-none-eabi/10.3.1/thumb/v7e-m/nofp/crti.o
                0x0000000008007c30                _init
 .init          0x0000000008007c34        0x8 /usr/lib/gcc/arm-none-eabi/10.3.1/thumb/v7e-m/nofp/crtn.o
 *(.fini)
 .fini          0x0000000008007c3c        0x4 /usr/lib/gcc/arm-none-eabi/10.3.1/thumb/v7e-m/nofp/crti.o
                0x0000000008007c3c                _fini
 .fini          0x0000000008007c40        0x8 /usr/lib/gcc/arm-none-eabi/10.3.1/thumb/v7e-m/nofp/crtn.o
                0x0000000008007c48                . = ALIGN (0x4)
                0x0000000008007c48                _etext = .

.vfp11_veneer   0x0000000008007c48        0x0
 .vfp11_veneer  0x0000000008007c48        0x0 linker stubs

.v4_bx          0x0000000008007c48        0x0
 .v4_bx         0x0000000008007c48        0x0 linker stubs

.iplt           0x0000000008007c48        0x0
 .iplt          0x0000000008007c48        0x0 /usr/lib/gcc/arm-none-eabi/10.3.1/thumb/v7e-m/nofp/crtbegin.o

.rodata         0x0000000008007c48       0x9c
                0x0000000008007c48                . = ALIGN (0x4)
 *(.rodata)
 .rodata        0x0000000008007c48        0x4 /usr/lib/gcc/arm-none-eabi/10.3.1/../../../arm-none-eabi/lib/thumb/v7e-m/nofp/libg.a(lib_a-impure.o)
                0x0000000008007c48                _global_impure_ptr
 *(.rodata*)
 .rodata.AHBPrescTable
                0x0000000008007c4c       0x10 CMakeFiles/1in69t.elf.dir/Core/Src/system_stm32g4xx.c.obj
                0x0000000008007c4c                AHBPrescTable
 .rodata.USBD_CDC_ProductStrDescriptor.str1.4
                0x0000000008007c5c       0x16 CMakeFiles/1in69t.elf.dir/USB_Device/App/usbd_desc.c.obj
 *fill*         0x0000000008007c72        0x2 
 .rodata.USBD_CDC_ManufacturerStrDescriptor.str1.4
                0x0000000008007c74       0x13 CMakeFiles/1in69t.elf.dir/USB_Device/App/usbd_desc.c.obj
 *fill*         0x0000000008007c87        0x1 
 .rodata.USBD_CDC_ConfigStrDescriptor.str1.4
                0x0000000008007c88        0xb CMakeFiles/1in69t.elf.dir/USB_Device/App/usbd_desc.c.obj
 *fill*         0x0000000008007c93        0x1 
 .rodata.USBD_CDC_InterfaceStrDescriptor.str1.4
                0x0000000008007c94        0xe CMakeFiles/1in69t.elf.dir/USB_Device/App/usbd_desc.c.obj
 *fill*         0x0000000008007ca2        0x2 
 .rodata.test_lcd.str1.4
                0x0000000008007ca4       0x39 CMakeFiles/1in69t.elf.dir/User/src/1in69_test.c.obj
 *fill*         0x0000000008007cdd        0x3 
 .rodata.str1.4
                0x0000000008007ce0        0x2 /usr/lib/gcc/arm-none-eabi/10.3.1/../../../arm-none-eabi/lib/thumb/v7e-m/nofp/libg.a(lib_a-puts.o)
                0x0000000008007ce4                . = ALIGN (0x4)
 *fill*         0x0000000008007ce2        0x2 

.rel.dyn        0x0000000008007ce4        0x0
 .rel.iplt      0x0000000008007ce4        0x0 /usr/lib/gcc/arm-none-eabi/10.3.1/thumb/v7e-m/nofp/crtbegin.o

.ARM.extab      0x0000000008007ce4        0x0
                0x0000000008007ce4                . = ALIGN (0x4)
 *(.ARM.extab* .gnu.linkonce.armextab.*)
                0x0000000008007ce4                . = ALIGN (0x4)

.ARM            0x0000000008007ce4        0x0
                0x0000000008007ce4                . = ALIGN (0x4)
                0x0000000008007ce4                __exidx_start = .
 *(.ARM.exidx*)
                0x0000000008007ce4                __exidx_end = .
                0x0000000008007ce4                . = ALIGN (0x4)

.preinit_array  0x0000000008007ce4        0x0
                0x0000000008007ce4                . = ALIGN (0x4)
                0x0000000008007ce4                PROVIDE (__preinit_array_start = .)
 *(.preinit_array*)
                0x0000000008007ce4                PROVIDE (__preinit_array_end = .)
                0x0000000008007ce4                . = ALIGN (0x4)

.init_array     0x0000000008007ce4        0x8
                0x0000000008007ce4                . = ALIGN (0x4)
                0x0000000008007ce4                PROVIDE (__init_array_start = .)
 *(SORT_BY_NAME(.init_array.*))
 .init_array.00000
                0x0000000008007ce4        0x4 /usr/lib/gcc/arm-none-eabi/10.3.1/../../../arm-none-eabi/lib/thumb/v7e-m/nofp/libg.a(lib_a-__call_atexit.o)
 *(.init_array*)
 .init_array    0x0000000008007ce8        0x4 /usr/lib/gcc/arm-none-eabi/10.3.1/thumb/v7e-m/nofp/crtbegin.o
                0x0000000008007cec                PROVIDE (__init_array_end = .)
                0x0000000008007cec                . = ALIGN (0x4)

.fini_array     0x0000000008007cec        0x4
                0x0000000008007cec                . = ALIGN (0x4)
                0x0000000008007cec                PROVIDE (__fini_array_start = .)
 *(SORT_BY_NAME(.fini_array.*))
 *(.fini_array*)
 .fini_array    0x0000000008007cec        0x4 /usr/lib/gcc/arm-none-eabi/10.3.1/thumb/v7e-m/nofp/crtbegin.o
                0x0000000008007cf0                PROVIDE (__fini_array_end = .)
                0x0000000008007cf0                . = ALIGN (0x4)
                0x0000000008007cf0                _sidata = LOADADDR (.data)

.data           0x0000000020000000      0x9c4 load address 0x0000000008007cf0
                0x0000000020000000                . = ALIGN (0x4)
                0x0000000020000000                _sdata = .
 *(.data)
 .data          0x0000000020000000      0x430 /usr/lib/gcc/arm-none-eabi/10.3.1/../../../arm-none-eabi/lib/thumb/v7e-m/nofp/libg.a(lib_a-impure.o)
                0x0000000020000000                _impure_ptr
 .data          0x0000000020000430      0x410 /usr/lib/gcc/arm-none-eabi/10.3.1/../../../arm-none-eabi/lib/thumb/v7e-m/nofp/libg.a(lib_a-mallocr.o)
                0x0000000020000430                __malloc_av_
                0x0000000020000838                __malloc_sbrk_base
                0x000000002000083c                __malloc_trim_threshold
 *(.data*)
 .data.SystemCoreClock
                0x0000000020000840        0x4 CMakeFiles/1in69t.elf.dir/Core/Src/system_stm32g4xx.c.obj
                0x0000000020000840                SystemCoreClock
 .data.uwTickFreq
                0x0000000020000844        0x4 CMakeFiles/1in69t.elf.dir/Drivers/STM32G4xx_HAL_Driver/Src/stm32g4xx_hal.c.obj
                0x0000000020000844                uwTickFreq
 .data.uwTickPrio
                0x0000000020000848        0x4 CMakeFiles/1in69t.elf.dir/Drivers/STM32G4xx_HAL_Driver/Src/stm32g4xx_hal.c.obj
                0x0000000020000848                uwTickPrio
 .data.USBD_CDC
                0x000000002000084c       0x38 CMakeFiles/1in69t.elf.dir/Middlewares/ST/STM32_USB_Device_Library/Class/CDC/Src/usbd_cdc.c.obj
                0x000000002000084c                USBD_CDC
 .data.USBD_CDC_CfgFSDesc
                0x0000000020000884       0x43 CMakeFiles/1in69t.elf.dir/Middlewares/ST/STM32_USB_Device_Library/Class/CDC/Src/usbd_cdc.c.obj
 *fill*         0x00000000200008c7        0x1 
 .data.USBD_CDC_CfgHSDesc
                0x00000000200008c8       0x43 CMakeFiles/1in69t.elf.dir/Middlewares/ST/STM32_USB_Device_Library/Class/CDC/Src/usbd_cdc.c.obj
 *fill*         0x000000002000090b        0x1 
 .data.USBD_CDC_DeviceQualifierDesc
                0x000000002000090c        0xa CMakeFiles/1in69t.elf.dir/Middlewares/ST/STM32_USB_Device_Library/Class/CDC/Src/usbd_cdc.c.obj
 *fill*         0x0000000020000916        0x2 
 .data.USBD_CDC_OtherSpeedCfgDesc
                0x0000000020000918       0x43 CMakeFiles/1in69t.elf.dir/Middlewares/ST/STM32_USB_Device_Library/Class/CDC/Src/usbd_cdc.c.obj
 *fill*         0x000000002000095b        0x1 
 .data.USBD_Interface_fops_FS
                0x000000002000095c       0x14 CMakeFiles/1in69t.elf.dir/USB_Device/App/usbd_cdc_if.c.obj
                0x000000002000095c                USBD_Interface_fops_FS
 .data.CDC_Desc
                0x0000000020000970       0x20 CMakeFiles/1in69t.elf.dir/USB_Device/App/usbd_desc.c.obj
                0x0000000020000970                CDC_Desc
 .data.USBD_CDC_DeviceDesc
                0x0000000020000990       0x12 CMakeFiles/1in69t.elf.dir/USB_Device/App/usbd_desc.c.obj
                0x0000000020000990                USBD_CDC_DeviceDesc
 *fill*         0x00000000200009a2        0x2 
 .data.USBD_LangIDDesc
                0x00000000200009a4        0x4 CMakeFiles/1in69t.elf.dir/USB_Device/App/usbd_desc.c.obj
                0x00000000200009a4                USBD_LangIDDesc
 .data.USBD_StringSerial
                0x00000000200009a8       0x1a CMakeFiles/1in69t.elf.dir/USB_Device/App/usbd_desc.c.obj
                0x00000000200009a8                USBD_StringSerial
 *(.RamFunc)
 *(.RamFunc*)
                0x00000000200009c4                . = ALIGN (0x4)
 *fill*         0x00000000200009c2        0x2 
                0x00000000200009c4                _edata = .

.tm_clone_table
                0x00000000200009c4        0x0 load address 0x00000000080086b4
 .tm_clone_table
                0x00000000200009c4        0x0 /usr/lib/gcc/arm-none-eabi/10.3.1/thumb/v7e-m/nofp/crtbegin.o
 .tm_clone_table
                0x00000000200009c4        0x0 /usr/lib/gcc/arm-none-eabi/10.3.1/thumb/v7e-m/nofp/crtend.o

.igot.plt       0x00000000200009c4        0x0 load address 0x00000000080086b4
 .igot.plt      0x00000000200009c4        0x0 /usr/lib/gcc/arm-none-eabi/10.3.1/thumb/v7e-m/nofp/crtbegin.o
                0x00000000200009c4                . = ALIGN (0x4)

.bss            0x00000000200009c4     0x1348 load address 0x00000000080086b4
                0x00000000200009c4                _sbss = .
                0x00000000200009c4                __bss_start__ = _sbss
 *(.bss)
 .bss           0x00000000200009c4       0x1c /usr/lib/gcc/arm-none-eabi/10.3.1/thumb/v7e-m/nofp/crtbegin.o
 .bss           0x00000000200009e0       0x34 /usr/lib/gcc/arm-none-eabi/10.3.1/../../../arm-none-eabi/lib/thumb/v7e-m/nofp/libg.a(lib_a-mallocr.o)
                0x00000000200009e0                __malloc_top_pad
                0x00000000200009e4                __malloc_current_mallinfo
                0x0000000020000a0c                __malloc_max_sbrked_mem
                0x0000000020000a10                __malloc_max_total_mem
 .bss           0x0000000020000a14        0x4 /usr/lib/gcc/arm-none-eabi/10.3.1/../../../arm-none-eabi/lib/thumb/v7e-m/nofp/libg.a(lib_a-reent.o)
                0x0000000020000a14                errno
 *(.bss*)
 .bss.hi2c1     0x0000000020000a18       0x4c CMakeFiles/1in69t.elf.dir/Core/Src/i2c.c.obj
                0x0000000020000a18                hi2c1
 .bss.hspi1     0x0000000020000a64       0x64 CMakeFiles/1in69t.elf.dir/Core/Src/spi.c.obj
                0x0000000020000a64                hspi1
 .bss.__sbrk_heap_end
                0x0000000020000ac8        0x4 CMakeFiles/1in69t.elf.dir/Core/Src/sysmem.c.obj
 .bss.htim1     0x0000000020000acc       0x4c CMakeFiles/1in69t.elf.dir/Core/Src/tim.c.obj
                0x0000000020000acc                htim1
 .bss.uwTick    0x0000000020000b18        0x4 CMakeFiles/1in69t.elf.dir/Drivers/STM32G4xx_HAL_Driver/Src/stm32g4xx_hal.c.obj
                0x0000000020000b18                uwTick
 .bss.cfgidx.0  0x0000000020000b1c        0x1 CMakeFiles/1in69t.elf.dir/Middlewares/ST/STM32_USB_Device_Library/Core/Src/usbd_ctlreq.c.obj
 *fill*         0x0000000020000b1d        0x3 
 .bss.hUsbDeviceFS
                0x0000000020000b20      0x2d0 CMakeFiles/1in69t.elf.dir/USB_Device/App/usb_device.c.obj
                0x0000000020000b20                hUsbDeviceFS
 .bss.UserRxBufferFS
                0x0000000020000df0      0x400 CMakeFiles/1in69t.elf.dir/USB_Device/App/usbd_cdc_if.c.obj
                0x0000000020000df0                UserRxBufferFS
 .bss.UserTxBufferFS
                0x00000000200011f0      0x400 CMakeFiles/1in69t.elf.dir/USB_Device/App/usbd_cdc_if.c.obj
                0x00000000200011f0                UserTxBufferFS
 .bss.USBD_StrDesc
                0x00000000200015f0      0x200 CMakeFiles/1in69t.elf.dir/USB_Device/App/usbd_desc.c.obj
                0x00000000200015f0                USBD_StrDesc
 .bss.hpcd_USB_FS
                0x00000000200017f0      0x2f4 CMakeFiles/1in69t.elf.dir/USB_Device/Target/usbd_conf.c.obj
                0x00000000200017f0                hpcd_USB_FS
 .bss.mem.0     0x0000000020001ae4      0x220 CMakeFiles/1in69t.elf.dir/USB_Device/Target/usbd_conf.c.obj
 .bss.LCD_1IN69
                0x0000000020001d04        0x6 CMakeFiles/1in69t.elf.dir/User/src/lcd_1in69.c.obj
                0x0000000020001d04                LCD_1IN69
 *(COMMON)
                0x0000000020001d0c                . = ALIGN (0x4)
 *fill*         0x0000000020001d0a        0x2 
                0x0000000020001d0c                _ebss = .
                0x0000000020001d0c                __bss_end__ = _ebss

._user_heap_stack
                0x0000000020001d0c      0x604 load address 0x00000000080086b4
                0x0000000020001d10                . = ALIGN (0x8)
 *fill*         0x0000000020001d0c        0x4 
                [!provide]                        PROVIDE (end = .)
                0x0000000020001d10                PROVIDE (_end = .)
                0x0000000020001f10                . = (. + _Min_Heap_Size)
 *fill*         0x0000000020001d10      0x200 
                0x0000000020002310                . = (. + _Min_Stack_Size)
 *fill*         0x0000000020001f10      0x400 
                0x0000000020002310                . = ALIGN (0x8)

/DISCARD/
 libc.a(*)
 libm.a(*)
 libgcc.a(*)

.ARM.attributes
                0x0000000000000000       0x2a
 *(.ARM.attributes)
 .ARM.attributes
                0x0000000000000000       0x1e /usr/lib/gcc/arm-none-eabi/10.3.1/thumb/v7e-m/nofp/crti.o
 .ARM.attributes
                0x000000000000001e       0x2e /usr/lib/gcc/arm-none-eabi/10.3.1/thumb/v7e-m/nofp/crtbegin.o
 .ARM.attributes
                0x000000000000004c       0x2e CMakeFiles/1in69t.elf.dir/Core/Src/gpio.c.obj
 .ARM.attributes
                0x000000000000007a       0x2e CMakeFiles/1in69t.elf.dir/Core/Src/i2c.c.obj
 .ARM.attributes
                0x00000000000000a8       0x2e CMakeFiles/1in69t.elf.dir/Core/Src/main.c.obj
 .ARM.attributes
                0x00000000000000d6       0x2e CMakeFiles/1in69t.elf.dir/Core/Src/spi.c.obj
 .ARM.attributes
                0x0000000000000104       0x2e CMakeFiles/1in69t.elf.dir/Core/Src/stm32g4xx_hal_msp.c.obj
 .ARM.attributes
                0x0000000000000132       0x2e CMakeFiles/1in69t.elf.dir/Core/Src/stm32g4xx_it.c.obj
 .ARM.attributes
                0x0000000000000160       0x2e CMakeFiles/1in69t.elf.dir/Core/Src/syscalls.c.obj
 .ARM.attributes
                0x000000000000018e       0x2e CMakeFiles/1in69t.elf.dir/Core/Src/sysmem.c.obj
 .ARM.attributes
                0x00000000000001bc       0x2e CMakeFiles/1in69t.elf.dir/Core/Src/system_stm32g4xx.c.obj
 .ARM.attributes
                0x00000000000001ea       0x2e CMakeFiles/1in69t.elf.dir/Core/Src/tim.c.obj
 .ARM.attributes
                0x0000000000000218       0x21 CMakeFiles/1in69t.elf.dir/Core/Startup/startup_stm32g431cbtx.s.obj
 .ARM.attributes
                0x0000000000000239       0x2e CMakeFiles/1in69t.elf.dir/Drivers/STM32G4xx_HAL_Driver/Src/stm32g4xx_hal.c.obj
 .ARM.attributes
                0x0000000000000267       0x2e CMakeFiles/1in69t.elf.dir/Drivers/STM32G4xx_HAL_Driver/Src/stm32g4xx_hal_cortex.c.obj
 .ARM.attributes
                0x0000000000000295       0x2e CMakeFiles/1in69t.elf.dir/Drivers/STM32G4xx_HAL_Driver/Src/stm32g4xx_hal_gpio.c.obj
 .ARM.attributes
                0x00000000000002c3       0x2e CMakeFiles/1in69t.elf.dir/Drivers/STM32G4xx_HAL_Driver/Src/stm32g4xx_hal_i2c.c.obj
 .ARM.attributes
                0x00000000000002f1       0x2e CMakeFiles/1in69t.elf.dir/Drivers/STM32G4xx_HAL_Driver/Src/stm32g4xx_hal_i2c_ex.c.obj
 .ARM.attributes
                0x000000000000031f       0x2e CMakeFiles/1in69t.elf.dir/Drivers/STM32G4xx_HAL_Driver/Src/stm32g4xx_hal_pcd.c.obj
 .ARM.attributes
                0x000000000000034d       0x2e CMakeFiles/1in69t.elf.dir/Drivers/STM32G4xx_HAL_Driver/Src/stm32g4xx_hal_pcd_ex.c.obj
 .ARM.attributes
                0x000000000000037b       0x2e CMakeFiles/1in69t.elf.dir/Drivers/STM32G4xx_HAL_Driver/Src/stm32g4xx_hal_pwr_ex.c.obj
 .ARM.attributes
                0x00000000000003a9       0x2e CMakeFiles/1in69t.elf.dir/Drivers/STM32G4xx_HAL_Driver/Src/stm32g4xx_hal_rcc.c.obj
 .ARM.attributes
                0x00000000000003d7       0x2e CMakeFiles/1in69t.elf.dir/Drivers/STM32G4xx_HAL_Driver/Src/stm32g4xx_hal_rcc_ex.c.obj
 .ARM.attributes
                0x0000000000000405       0x2e CMakeFiles/1in69t.elf.dir/Drivers/STM32G4xx_HAL_Driver/Src/stm32g4xx_hal_spi.c.obj
 .ARM.attributes
                0x0000000000000433       0x2e CMakeFiles/1in69t.elf.dir/Drivers/STM32G4xx_HAL_Driver/Src/stm32g4xx_hal_tim.c.obj
 .ARM.attributes
                0x0000000000000461       0x2e CMakeFiles/1in69t.elf.dir/Drivers/STM32G4xx_HAL_Driver/Src/stm32g4xx_hal_tim_ex.c.obj
 .ARM.attributes
                0x000000000000048f       0x2e CMakeFiles/1in69t.elf.dir/Drivers/STM32G4xx_HAL_Driver/Src/stm32g4xx_ll_usb.c.obj
 .ARM.attributes
                0x00000000000004bd       0x2e CMakeFiles/1in69t.elf.dir/Middlewares/ST/STM32_USB_Device_Library/Class/CDC/Src/usbd_cdc.c.obj
 .ARM.attributes
                0x00000000000004eb       0x2e CMakeFiles/1in69t.elf.dir/Middlewares/ST/STM32_USB_Device_Library/Core/Src/usbd_core.c.obj
 .ARM.attributes
                0x0000000000000519       0x2e CMakeFiles/1in69t.elf.dir/Middlewares/ST/STM32_USB_Device_Library/Core/Src/usbd_ctlreq.c.obj
 .ARM.attributes
                0x0000000000000547       0x2e CMakeFiles/1in69t.elf.dir/Middlewares/ST/STM32_USB_Device_Library/Core/Src/usbd_ioreq.c.obj
 .ARM.attributes
                0x0000000000000575       0x2e CMakeFiles/1in69t.elf.dir/USB_Device/App/usb_device.c.obj
 .ARM.attributes
                0x00000000000005a3       0x2e CMakeFiles/1in69t.elf.dir/USB_Device/App/usbd_cdc_if.c.obj
 .ARM.attributes
                0x00000000000005d1       0x2e CMakeFiles/1in69t.elf.dir/USB_Device/App/usbd_desc.c.obj
 .ARM.attributes
                0x00000000000005ff       0x2e CMakeFiles/1in69t.elf.dir/USB_Device/Target/usbd_conf.c.obj
 .ARM.attributes
                0x000000000000062d       0x2e CMakeFiles/1in69t.elf.dir/User/src/1in69_test.c.obj
 .ARM.attributes
                0x000000000000065b       0x2e CMakeFiles/1in69t.elf.dir/User/src/Config.c.obj
 .ARM.attributes
                0x0000000000000689       0x2e CMakeFiles/1in69t.elf.dir/User/src/lcd_1in69.c.obj
 .ARM.attributes
                0x00000000000006b7       0x2e CMakeFiles/1in69t.elf.dir/User/src/usb_vcom.c.obj
 .ARM.attributes
                0x00000000000006e5       0x2e /usr/lib/gcc/arm-none-eabi/10.3.1/../../../arm-none-eabi/lib/thumb/v7e-m/nofp/libg.a(lib_a-atexit.o)
 .ARM.attributes
                0x0000000000000713       0x2e /usr/lib/gcc/arm-none-eabi/10.3.1/../../../arm-none-eabi/lib/thumb/v7e-m/nofp/libg.a(lib_a-errno.o)
 .ARM.attributes
                0x0000000000000741       0x2e /usr/lib/gcc/arm-none-eabi/10.3.1/../../../arm-none-eabi/lib/thumb/v7e-m/nofp/libg.a(lib_a-fini.o)
 .ARM.attributes
                0x000000000000076f       0x2e /usr/lib/gcc/arm-none-eabi/10.3.1/../../../arm-none-eabi/lib/thumb/v7e-m/nofp/libg.a(lib_a-impure.o)
 .ARM.attributes
                0x000000000000079d       0x2e /usr/lib/gcc/arm-none-eabi/10.3.1/../../../arm-none-eabi/lib/thumb/v7e-m/nofp/libg.a(lib_a-init.o)
 .ARM.attributes
                0x00000000000007cb       0x2e /usr/lib/gcc/arm-none-eabi/10.3.1/../../../arm-none-eabi/lib/thumb/v7e-m/nofp/libg.a(lib_a-memset.o)
 .ARM.attributes
                0x00000000000007f9       0x2e /usr/lib/gcc/arm-none-eabi/10.3.1/../../../arm-none-eabi/lib/thumb/v7e-m/nofp/libg.a(lib_a-puts.o)
 .ARM.attributes
                0x0000000000000827       0x1c /usr/lib/gcc/arm-none-eabi/10.3.1/../../../arm-none-eabi/lib/thumb/v7e-m/nofp/libg.a(lib_a-strlen.o)
 .ARM.attributes
                0x0000000000000843       0x2e /usr/lib/gcc/arm-none-eabi/10.3.1/../../../arm-none-eabi/lib/thumb/v7e-m/nofp/libg.a(lib_a-__atexit.o)
 .ARM.attributes
                0x0000000000000871       0x2e /usr/lib/gcc/arm-none-eabi/10.3.1/../../../arm-none-eabi/lib/thumb/v7e-m/nofp/libg.a(lib_a-__call_atexit.o)
 .ARM.attributes
                0x000000000000089f       0x2e /usr/lib/gcc/arm-none-eabi/10.3.1/../../../arm-none-eabi/lib/thumb/v7e-m/nofp/libg.a(lib_a-findfp.o)
 .ARM.attributes
                0x00000000000008cd       0x2e /usr/lib/gcc/arm-none-eabi/10.3.1/../../../arm-none-eabi/lib/thumb/v7e-m/nofp/libg.a(lib_a-fvwrite.o)
 .ARM.attributes
                0x00000000000008fb       0x2e /usr/lib/gcc/arm-none-eabi/10.3.1/../../../arm-none-eabi/lib/thumb/v7e-m/nofp/libg.a(lib_a-fwalk.o)
 .ARM.attributes
                0x0000000000000929       0x2e /usr/lib/gcc/arm-none-eabi/10.3.1/../../../arm-none-eabi/lib/thumb/v7e-m/nofp/libg.a(lib_a-mallocr.o)
 .ARM.attributes
                0x0000000000000957       0x1c /usr/lib/gcc/arm-none-eabi/10.3.1/../../../arm-none-eabi/lib/thumb/v7e-m/nofp/libg.a(lib_a-memchr.o)
 .ARM.attributes
                0x0000000000000973       0x1c /usr/lib/gcc/arm-none-eabi/10.3.1/../../../arm-none-eabi/lib/thumb/v7e-m/nofp/libg.a(lib_a-memcpy.o)
 .ARM.attributes
                0x000000000000098f       0x2e /usr/lib/gcc/arm-none-eabi/10.3.1/../../../arm-none-eabi/lib/thumb/v7e-m/nofp/libg.a(lib_a-memmove.o)
 .ARM.attributes
                0x00000000000009bd       0x2e /usr/lib/gcc/arm-none-eabi/10.3.1/../../../arm-none-eabi/lib/thumb/v7e-m/nofp/libg.a(lib_a-mlock.o)
 .ARM.attributes
                0x00000000000009eb       0x2e /usr/lib/gcc/arm-none-eabi/10.3.1/../../../arm-none-eabi/lib/thumb/v7e-m/nofp/libg.a(lib_a-reallocr.o)
 .ARM.attributes
                0x0000000000000a19       0x2e /usr/lib/gcc/arm-none-eabi/10.3.1/../../../arm-none-eabi/lib/thumb/v7e-m/nofp/libg.a(lib_a-sbrkr.o)
 .ARM.attributes
                0x0000000000000a47       0x2e /usr/lib/gcc/arm-none-eabi/10.3.1/../../../arm-none-eabi/lib/thumb/v7e-m/nofp/libg.a(lib_a-stdio.o)
 .ARM.attributes
                0x0000000000000a75       0x2e /usr/lib/gcc/arm-none-eabi/10.3.1/../../../arm-none-eabi/lib/thumb/v7e-m/nofp/libg.a(lib_a-writer.o)
 .ARM.attributes
                0x0000000000000aa3       0x2e /usr/lib/gcc/arm-none-eabi/10.3.1/../../../arm-none-eabi/lib/thumb/v7e-m/nofp/libg.a(lib_a-wsetup.o)
 .ARM.attributes
                0x0000000000000ad1       0x2e /usr/lib/gcc/arm-none-eabi/10.3.1/../../../arm-none-eabi/lib/thumb/v7e-m/nofp/libg.a(lib_a-closer.o)
 .ARM.attributes
                0x0000000000000aff       0x2e /usr/lib/gcc/arm-none-eabi/10.3.1/../../../arm-none-eabi/lib/thumb/v7e-m/nofp/libg.a(lib_a-fclose.o)
 .ARM.attributes
                0x0000000000000b2d       0x2e /usr/lib/gcc/arm-none-eabi/10.3.1/../../../arm-none-eabi/lib/thumb/v7e-m/nofp/libg.a(lib_a-fflush.o)
 .ARM.attributes
                0x0000000000000b5b       0x2e /usr/lib/gcc/arm-none-eabi/10.3.1/../../../arm-none-eabi/lib/thumb/v7e-m/nofp/libg.a(lib_a-freer.o)
 .ARM.attributes
                0x0000000000000b89       0x2e /usr/lib/gcc/arm-none-eabi/10.3.1/../../../arm-none-eabi/lib/thumb/v7e-m/nofp/libg.a(lib_a-lseekr.o)
 .ARM.attributes
                0x0000000000000bb7       0x2e /usr/lib/gcc/arm-none-eabi/10.3.1/../../../arm-none-eabi/lib/thumb/v7e-m/nofp/libg.a(lib_a-makebuf.o)
 .ARM.attributes
                0x0000000000000be5       0x2e /usr/lib/gcc/arm-none-eabi/10.3.1/../../../arm-none-eabi/lib/thumb/v7e-m/nofp/libg.a(lib_a-readr.o)
 .ARM.attributes
                0x0000000000000c13       0x2e /usr/lib/gcc/arm-none-eabi/10.3.1/../../../arm-none-eabi/lib/thumb/v7e-m/nofp/libg.a(lib_a-reent.o)
 .ARM.attributes
                0x0000000000000c41       0x2e /usr/lib/gcc/arm-none-eabi/10.3.1/../../../arm-none-eabi/lib/thumb/v7e-m/nofp/libg.a(lib_a-fstatr.o)
 .ARM.attributes
                0x0000000000000c6f       0x2e /usr/lib/gcc/arm-none-eabi/10.3.1/../../../arm-none-eabi/lib/thumb/v7e-m/nofp/libg.a(lib_a-isattyr.o)
 .ARM.attributes
                0x0000000000000c9d       0x2e /usr/lib/gcc/arm-none-eabi/10.3.1/thumb/v7e-m/nofp/crtend.o
 .ARM.attributes
                0x0000000000000ccb       0x1e /usr/lib/gcc/arm-none-eabi/10.3.1/thumb/v7e-m/nofp/crtn.o
OUTPUT(1in69t.elf elf32-littlearm)
LOAD linker stubs
LOAD /usr/lib/gcc/arm-none-eabi/10.3.1/../../../arm-none-eabi/lib/thumb/v7e-m/nofp/libc.a
LOAD /usr/lib/gcc/arm-none-eabi/10.3.1/../../../arm-none-eabi/lib/thumb/v7e-m/nofp/libm.a
LOAD /usr/lib/gcc/arm-none-eabi/10.3.1/thumb/v7e-m/nofp/libgcc.a

.comment        0x0000000000000000       0x33
 .comment       0x0000000000000000       0x33 /usr/lib/gcc/arm-none-eabi/10.3.1/thumb/v7e-m/nofp/crtbegin.o
                                         0x34 (size before relaxing)
 .comment       0x0000000000000033       0x34 CMakeFiles/1in69t.elf.dir/Core/Src/gpio.c.obj
 .comment       0x0000000000000033       0x34 CMakeFiles/1in69t.elf.dir/Core/Src/i2c.c.obj
 .comment       0x0000000000000033       0x34 CMakeFiles/1in69t.elf.dir/Core/Src/main.c.obj
 .comment       0x0000000000000033       0x34 CMakeFiles/1in69t.elf.dir/Core/Src/spi.c.obj
 .comment       0x0000000000000033       0x34 CMakeFiles/1in69t.elf.dir/Core/Src/stm32g4xx_hal_msp.c.obj
 .comment       0x0000000000000033       0x34 CMakeFiles/1in69t.elf.dir/Core/Src/stm32g4xx_it.c.obj
 .comment       0x0000000000000033       0x34 CMakeFiles/1in69t.elf.dir/Core/Src/syscalls.c.obj
 .comment       0x0000000000000033       0x34 CMakeFiles/1in69t.elf.dir/Core/Src/sysmem.c.obj
 .comment       0x0000000000000033       0x34 CMakeFiles/1in69t.elf.dir/Core/Src/system_stm32g4xx.c.obj
 .comment       0x0000000000000033       0x34 CMakeFiles/1in69t.elf.dir/Core/Src/tim.c.obj
 .comment       0x0000000000000033       0x34 CMakeFiles/1in69t.elf.dir/Drivers/STM32G4xx_HAL_Driver/Src/stm32g4xx_hal.c.obj
 .comment       0x0000000000000033       0x34 CMakeFiles/1in69t.elf.dir/Drivers/STM32G4xx_HAL_Driver/Src/stm32g4xx_hal_cortex.c.obj
 .comment       0x0000000000000033       0x34 CMakeFiles/1in69t.elf.dir/Drivers/STM32G4xx_HAL_Driver/Src/stm32g4xx_hal_gpio.c.obj
 .comment       0x0000000000000033       0x34 CMakeFiles/1in69t.elf.dir/Drivers/STM32G4xx_HAL_Driver/Src/stm32g4xx_hal_i2c.c.obj
 .comment       0x0000000000000033       0x34 CMakeFiles/1in69t.elf.dir/Drivers/STM32G4xx_HAL_Driver/Src/stm32g4xx_hal_i2c_ex.c.obj
 .comment       0x0000000000000033       0x34 CMakeFiles/1in69t.elf.dir/Drivers/STM32G4xx_HAL_Driver/Src/stm32g4xx_hal_pcd.c.obj
 .comment       0x0000000000000033       0x34 CMakeFiles/1in69t.elf.dir/Drivers/STM32G4xx_HAL_Driver/Src/stm32g4xx_hal_pcd_ex.c.obj
 .comment       0x0000000000000033       0x34 CMakeFiles/1in69t.elf.dir/Drivers/STM32G4xx_HAL_Driver/Src/stm32g4xx_hal_pwr_ex.c.obj
 .comment       0x0000000000000033       0x34 CMakeFiles/1in69t.elf.dir/Drivers/STM32G4xx_HAL_Driver/Src/stm32g4xx_hal_rcc.c.obj
 .comment       0x0000000000000033       0x34 CMakeFiles/1in69t.elf.dir/Drivers/STM32G4xx_HAL_Driver/Src/stm32g4xx_hal_rcc_ex.c.obj
 .comment       0x0000000000000033       0x34 CMakeFiles/1in69t.elf.dir/Drivers/STM32G4xx_HAL_Driver/Src/stm32g4xx_hal_spi.c.obj
 .comment       0x0000000000000033       0x34 CMakeFiles/1in69t.elf.dir/Drivers/STM32G4xx_HAL_Driver/Src/stm32g4xx_hal_tim.c.obj
 .comment       0x0000000000000033       0x34 CMakeFiles/1in69t.elf.dir/Drivers/STM32G4xx_HAL_Driver/Src/stm32g4xx_hal_tim_ex.c.obj
 .comment       0x0000000000000033       0x34 CMakeFiles/1in69t.elf.dir/Drivers/STM32G4xx_HAL_Driver/Src/stm32g4xx_ll_usb.c.obj
 .comment       0x0000000000000033       0x34 CMakeFiles/1in69t.elf.dir/Middlewares/ST/STM32_USB_Device_Library/Class/CDC/Src/usbd_cdc.c.obj
 .comment       0x0000000000000033       0x34 CMakeFiles/1in69t.elf.dir/Middlewares/ST/STM32_USB_Device_Library/Core/Src/usbd_core.c.obj
 .comment       0x0000000000000033       0x34 CMakeFiles/1in69t.elf.dir/Middlewares/ST/STM32_USB_Device_Library/Core/Src/usbd_ctlreq.c.obj
 .comment       0x0000000000000033       0x34 CMakeFiles/1in69t.elf.dir/Middlewares/ST/STM32_USB_Device_Library/Core/Src/usbd_ioreq.c.obj
 .comment       0x0000000000000033       0x34 CMakeFiles/1in69t.elf.dir/USB_Device/App/usb_device.c.obj
 .comment       0x0000000000000033       0x34 CMakeFiles/1in69t.elf.dir/USB_Device/App/usbd_cdc_if.c.obj
 .comment       0x0000000000000033       0x34 CMakeFiles/1in69t.elf.dir/USB_Device/App/usbd_desc.c.obj
 .comment       0x0000000000000033       0x34 CMakeFiles/1in69t.elf.dir/USB_Device/Target/usbd_conf.c.obj
 .comment       0x0000000000000033       0x34 CMakeFiles/1in69t.elf.dir/User/src/1in69_test.c.obj
 .comment       0x0000000000000033       0x34 CMakeFiles/1in69t.elf.dir/User/src/Config.c.obj
 .comment       0x0000000000000033       0x34 CMakeFiles/1in69t.elf.dir/User/src/lcd_1in69.c.obj
 .comment       0x0000000000000033       0x34 CMakeFiles/1in69t.elf.dir/User/src/usb_vcom.c.obj
 .comment       0x0000000000000033       0x34 /usr/lib/gcc/arm-none-eabi/10.3.1/../../../arm-none-eabi/lib/thumb/v7e-m/nofp/libg.a(lib_a-atexit.o)
 .comment       0x0000000000000033       0x34 /usr/lib/gcc/arm-none-eabi/10.3.1/../../../arm-none-eabi/lib/thumb/v7e-m/nofp/libg.a(lib_a-errno.o)
 .comment       0x0000000000000033       0x34 /usr/lib/gcc/arm-none-eabi/10.3.1/../../../arm-none-eabi/lib/thumb/v7e-m/nofp/libg.a(lib_a-fini.o)
 .comment       0x0000000000000033       0x34 /usr/lib/gcc/arm-none-eabi/10.3.1/../../../arm-none-eabi/lib/thumb/v7e-m/nofp/libg.a(lib_a-impure.o)
 .comment       0x0000000000000033       0x34 /usr/lib/gcc/arm-none-eabi/10.3.1/../../../arm-none-eabi/lib/thumb/v7e-m/nofp/libg.a(lib_a-init.o)
 .comment       0x0000000000000033       0x34 /usr/lib/gcc/arm-none-eabi/10.3.1/../../../arm-none-eabi/lib/thumb/v7e-m/nofp/libg.a(lib_a-memset.o)
 .comment       0x0000000000000033       0x34 /usr/lib/gcc/arm-none-eabi/10.3.1/../../../arm-none-eabi/lib/thumb/v7e-m/nofp/libg.a(lib_a-puts.o)
 .comment       0x0000000000000033       0x34 /usr/lib/gcc/arm-none-eabi/10.3.1/../../../arm-none-eabi/lib/thumb/v7e-m/nofp/libg.a(lib_a-__atexit.o)
 .comment       0x0000000000000033       0x34 /usr/lib/gcc/arm-none-eabi/10.3.1/../../../arm-none-eabi/lib/thumb/v7e-m/nofp/libg.a(lib_a-__call_atexit.o)
 .comment       0x0000000000000033       0x34 /usr/lib/gcc/arm-none-eabi/10.3.1/../../../arm-none-eabi/lib/thumb/v7e-m/nofp/libg.a(lib_a-findfp.o)
 .comment       0x0000000000000033       0x34 /usr/lib/gcc/arm-none-eabi/10.3.1/../../../arm-none-eabi/lib/thumb/v7e-m/nofp/libg.a(lib_a-fvwrite.o)
 .comment       0x0000000000000033       0x34 /usr/lib/gcc/arm-none-eabi/10.3.1/../../../arm-none-eabi/lib/thumb/v7e-m/nofp/libg.a(lib_a-fwalk.o)
 .comment       0x0000000000000033       0x34 /usr/lib/gcc/arm-none-eabi/10.3.1/../../../arm-none-eabi/lib/thumb/v7e-m/nofp/libg.a(lib_a-mallocr.o)
 .comment       0x0000000000000033       0x34 /usr/lib/gcc/arm-none-eabi/10.3.1/../../../arm-none-eabi/lib/thumb/v7e-m/nofp/libg.a(lib_a-memmove.o)
 .comment       0x0000000000000033       0x34 /usr/lib/gcc/arm-none-eabi/10.3.1/../../../arm-none-eabi/lib/thumb/v7e-m/nofp/libg.a(lib_a-mlock.o)
 .comment       0x0000000000000033       0x34 /usr/lib/gcc/arm-none-eabi/10.3.1/../../../arm-none-eabi/lib/thumb/v7e-m/nofp/libg.a(lib_a-reallocr.o)
 .comment       0x0000000000000033       0x34 /usr/lib/gcc/arm-none-eabi/10.3.1/../../../arm-none-eabi/lib/thumb/v7e-m/nofp/libg.a(lib_a-sbrkr.o)
 .comment       0x0000000000000033       0x34 /usr/lib/gcc/arm-none-eabi/10.3.1/../../../arm-none-eabi/lib/thumb/v7e-m/nofp/libg.a(lib_a-stdio.o)
 .comment       0x0000000000000033       0x34 /usr/lib/gcc/arm-none-eabi/10.3.1/../../../arm-none-eabi/lib/thumb/v7e-m/nofp/libg.a(lib_a-writer.o)
 .comment       0x0000000000000033       0x34 /usr/lib/gcc/arm-none-eabi/10.3.1/../../../arm-none-eabi/lib/thumb/v7e-m/nofp/libg.a(lib_a-wsetup.o)
 .comment       0x0000000000000033       0x34 /usr/lib/gcc/arm-none-eabi/10.3.1/../../../arm-none-eabi/lib/thumb/v7e-m/nofp/libg.a(lib_a-closer.o)
 .comment       0x0000000000000033       0x34 /usr/lib/gcc/arm-none-eabi/10.3.1/../../../arm-none-eabi/lib/thumb/v7e-m/nofp/libg.a(lib_a-fclose.o)
 .comment       0x0000000000000033       0x34 /usr/lib/gcc/arm-none-eabi/10.3.1/../../../arm-none-eabi/lib/thumb/v7e-m/nofp/libg.a(lib_a-fflush.o)
 .comment       0x0000000000000033       0x34 /usr/lib/gcc/arm-none-eabi/10.3.1/../../../arm-none-eabi/lib/thumb/v7e-m/nofp/libg.a(lib_a-freer.o)
 .comment       0x0000000000000033       0x34 /usr/lib/gcc/arm-none-eabi/10.3.1/../../../arm-none-eabi/lib/thumb/v7e-m/nofp/libg.a(lib_a-lseekr.o)
 .comment       0x0000000000000033       0x34 /usr/lib/gcc/arm-none-eabi/10.3.1/../../../arm-none-eabi/lib/thumb/v7e-m/nofp/libg.a(lib_a-makebuf.o)
 .comment       0x0000000000000033       0x34 /usr/lib/gcc/arm-none-eabi/10.3.1/../../../arm-none-eabi/lib/thumb/v7e-m/nofp/libg.a(lib_a-readr.o)
 .comment       0x0000000000000033       0x34 /usr/lib/gcc/arm-none-eabi/10.3.1/../../../arm-none-eabi/lib/thumb/v7e-m/nofp/libg.a(lib_a-reent.o)
 .comment       0x0000000000000033       0x34 /usr/lib/gcc/arm-none-eabi/10.3.1/../../../arm-none-eabi/lib/thumb/v7e-m/nofp/libg.a(lib_a-fstatr.o)
 .comment       0x0000000000000033       0x34 /usr/lib/gcc/arm-none-eabi/10.3.1/../../../arm-none-eabi/lib/thumb/v7e-m/nofp/libg.a(lib_a-isattyr.o)
 .comment       0x0000000000000033       0x34 /usr/lib/gcc/arm-none-eabi/10.3.1/thumb/v7e-m/nofp/crtend.o

.debug_info     0x0000000000000000    0x35a53
 .debug_info    0x0000000000000000      0x509 CMakeFiles/1in69t.elf.dir/Core/Src/gpio.c.obj
 .debug_info    0x0000000000000509      0xdd0 CMakeFiles/1in69t.elf.dir/Core/Src/i2c.c.obj
 .debug_info    0x00000000000012d9      0x502 CMakeFiles/1in69t.elf.dir/Core/Src/main.c.obj
 .debug_info    0x00000000000017db      0xb82 CMakeFiles/1in69t.elf.dir/Core/Src/spi.c.obj
 .debug_info    0x000000000000235d      0x332 CMakeFiles/1in69t.elf.dir/Core/Src/stm32g4xx_hal_msp.c.obj
 .debug_info    0x000000000000268f      0x692 CMakeFiles/1in69t.elf.dir/Core/Src/stm32g4xx_it.c.obj
 .debug_info    0x0000000000002d21      0x7af CMakeFiles/1in69t.elf.dir/Core/Src/syscalls.c.obj
 .debug_info    0x00000000000034d0      0x15c CMakeFiles/1in69t.elf.dir/Core/Src/sysmem.c.obj
 .debug_info    0x000000000000362c      0x3e1 CMakeFiles/1in69t.elf.dir/Core/Src/system_stm32g4xx.c.obj
 .debug_info    0x0000000000003a0d     0x1001 CMakeFiles/1in69t.elf.dir/Core/Src/tim.c.obj